Archive member included to satisfy reference by file (symbol)

c:/program files (x86)/atmel/studio/7.0/toolchain/arm/arm-gnu-toolchain/bin/../lib/gcc/arm-none-eabi/6.3.1/thumb/v7e-m\libgcc.a(_arm_addsubdf3.o)
                              src/main.o (__aeabi_i2d)
c:/program files (x86)/atmel/studio/7.0/toolchain/arm/arm-gnu-toolchain/bin/../lib/gcc/arm-none-eabi/6.3.1/thumb/v7e-m\libgcc.a(_arm_muldivdf3.o)
                              src/main.o (__aeabi_dmul)
c:/program files (x86)/atmel/studio/7.0/toolchain/arm/arm-gnu-toolchain/bin/../lib/gcc/arm-none-eabi/6.3.1/thumb/v7e-m\libgcc.a(_arm_fixdfsi.o)
                              src/main.o (__aeabi_d2iz)
c:/program files (x86)/atmel/studio/7.0/toolchain/arm/arm-gnu-toolchain/bin/../lib/gcc/arm-none-eabi/6.3.1/../../../../arm-none-eabi/lib/thumb/v7e-m\libc.a(lib_a-exit.o)
                              c:/program files (x86)/atmel/studio/7.0/toolchain/arm/arm-gnu-toolchain/bin/../lib/gcc/arm-none-eabi/6.3.1/../../../../arm-none-eabi/lib/thumb/v7e-m/crt0.o (exit)
c:/program files (x86)/atmel/studio/7.0/toolchain/arm/arm-gnu-toolchain/bin/../lib/gcc/arm-none-eabi/6.3.1/../../../../arm-none-eabi/lib/thumb/v7e-m\libc.a(lib_a-impure.o)
                              c:/program files (x86)/atmel/studio/7.0/toolchain/arm/arm-gnu-toolchain/bin/../lib/gcc/arm-none-eabi/6.3.1/../../../../arm-none-eabi/lib/thumb/v7e-m\libc.a(lib_a-exit.o) (_global_impure_ptr)
c:/program files (x86)/atmel/studio/7.0/toolchain/arm/arm-gnu-toolchain/bin/../lib/gcc/arm-none-eabi/6.3.1/../../../../arm-none-eabi/lib/thumb/v7e-m\libc.a(lib_a-init.o)
                              c:/program files (x86)/atmel/studio/7.0/toolchain/arm/arm-gnu-toolchain/bin/../lib/gcc/arm-none-eabi/6.3.1/../../../../arm-none-eabi/lib/thumb/v7e-m/crt0.o (__libc_init_array)
c:/program files (x86)/atmel/studio/7.0/toolchain/arm/arm-gnu-toolchain/bin/../lib/gcc/arm-none-eabi/6.3.1/../../../../arm-none-eabi/lib/thumb/v7e-m\libc.a(lib_a-itoa.o)
                              src/main.o (itoa)
c:/program files (x86)/atmel/studio/7.0/toolchain/arm/arm-gnu-toolchain/bin/../lib/gcc/arm-none-eabi/6.3.1/../../../../arm-none-eabi/lib/thumb/v7e-m\libc.a(lib_a-memset.o)
                              c:/program files (x86)/atmel/studio/7.0/toolchain/arm/arm-gnu-toolchain/bin/../lib/gcc/arm-none-eabi/6.3.1/../../../../arm-none-eabi/lib/thumb/v7e-m/crt0.o (memset)
c:/program files (x86)/atmel/studio/7.0/toolchain/arm/arm-gnu-toolchain/bin/../lib/gcc/arm-none-eabi/6.3.1/../../../../arm-none-eabi/lib/thumb/v7e-m\libc.a(lib_a-utoa.o)
                              c:/program files (x86)/atmel/studio/7.0/toolchain/arm/arm-gnu-toolchain/bin/../lib/gcc/arm-none-eabi/6.3.1/../../../../arm-none-eabi/lib/thumb/v7e-m\libc.a(lib_a-itoa.o) (__utoa)
c:/program files (x86)/atmel/studio/7.0/toolchain/arm/arm-gnu-toolchain/bin/../lib/gcc/arm-none-eabi/6.3.1/../../../../arm-none-eabi/lib/thumb/v7e-m\libc.a(lib_a-__call_atexit.o)
                              c:/program files (x86)/atmel/studio/7.0/toolchain/arm/arm-gnu-toolchain/bin/../lib/gcc/arm-none-eabi/6.3.1/../../../../arm-none-eabi/lib/thumb/v7e-m\libc.a(lib_a-exit.o) (__call_exitprocs)
c:/program files (x86)/atmel/studio/7.0/toolchain/arm/arm-gnu-toolchain/bin/../lib/gcc/arm-none-eabi/6.3.1/../../../../arm-none-eabi/lib/thumb/v7e-m\libc.a(lib_a-atexit.o)
                              c:/program files (x86)/atmel/studio/7.0/toolchain/arm/arm-gnu-toolchain/bin/../lib/gcc/arm-none-eabi/6.3.1/../../../../arm-none-eabi/lib/thumb/v7e-m\libc.a(lib_a-__call_atexit.o) (atexit)
c:/program files (x86)/atmel/studio/7.0/toolchain/arm/arm-gnu-toolchain/bin/../lib/gcc/arm-none-eabi/6.3.1/../../../../arm-none-eabi/lib/thumb/v7e-m\libc.a(lib_a-fini.o)
                              c:/program files (x86)/atmel/studio/7.0/toolchain/arm/arm-gnu-toolchain/bin/../lib/gcc/arm-none-eabi/6.3.1/../../../../arm-none-eabi/lib/thumb/v7e-m\libc.a(lib_a-__call_atexit.o) (__libc_fini_array)
c:/program files (x86)/atmel/studio/7.0/toolchain/arm/arm-gnu-toolchain/bin/../lib/gcc/arm-none-eabi/6.3.1/../../../../arm-none-eabi/lib/thumb/v7e-m\libc.a(lib_a-lock.o)
                              c:/program files (x86)/atmel/studio/7.0/toolchain/arm/arm-gnu-toolchain/bin/../lib/gcc/arm-none-eabi/6.3.1/../../../../arm-none-eabi/lib/thumb/v7e-m\libc.a(lib_a-__call_atexit.o) (__retarget_lock_acquire_recursive)
c:/program files (x86)/atmel/studio/7.0/toolchain/arm/arm-gnu-toolchain/bin/../lib/gcc/arm-none-eabi/6.3.1/../../../../arm-none-eabi/lib/thumb/v7e-m\libc.a(lib_a-__atexit.o)
                              c:/program files (x86)/atmel/studio/7.0/toolchain/arm/arm-gnu-toolchain/bin/../lib/gcc/arm-none-eabi/6.3.1/../../../../arm-none-eabi/lib/thumb/v7e-m\libc.a(lib_a-atexit.o) (__register_exitproc)

Allocating common symbols
Common symbol       size              file

__lock___atexit_recursive_mutex
[...]
Memory Configuration

Name             Origin             Length             Attributes
rom              0x00400000         0x00200000         xr
ram              0x20400000         0x00060000         xrw
*default*        0x00000000         0xffffffff

Linker script and memory map

LOAD c:/program files (x86)/atmel/studio/7.0/toolchain/arm/arm-gnu-toolchain/bin/../lib/gcc/arm-none-eabi/6.3.1/thumb/v7e-m/crti.o
LOAD c:/program files (x86)/atmel/studio/7.0/toolchain/arm/arm-gnu-toolchain/bin/../lib/gcc/arm-none-eabi/6.3.1/thumb/v7e-m/crtbegin.o
LOAD c:/program files (x86)/atmel/studio/7.0/toolchain/arm/arm-gnu-toolchain/bin/../lib/gcc/arm-none-eabi/6.3.1/../../../../arm-none-eabi/lib/thumb/v7e-m/crt0.o
LOAD src/ASF/sam/drivers/rtc/rtc.o
LOAD src/ASF/sam/drivers/spi/spi.o
LOAD src/ASF/sam/drivers/tc/tc.o
LOAD src/gfx_mono_framebuffer.o
LOAD src/gfx_mono_generic.o
LOAD src/gfx_mono_text.o
LOAD src/gfx_mono_ug_2832hsweg04.o
LOAD src/ssd1306.o
LOAD src/sysfont.o
LOAD src/ASF/common/services/delay/sam/cycle_counter.o
LOAD src/ASF/common/services/clock/same70/sysclk.o
LOAD src/ASF/common/utils/interrupt/interrupt_sam_nvic.o
LOAD src/ASF/sam/boards/same70_xplained/init.o
LOAD src/ASF/sam/drivers/mpu/mpu.o
LOAD src/ASF/sam/drivers/pio/pio.o
LOAD src/ASF/sam/drivers/pio/pio_handler.o
LOAD src/ASF/sam/drivers/pmc/pmc.o
LOAD src/ASF/sam/drivers/pmc/sleep.o
LOAD src/ASF/sam/utils/cmsis/same70/source/templates/gcc/startup_same70.o
LOAD src/ASF/sam/utils/cmsis/same70/source/templates/system_same70.o
LOAD src/ASF/sam/utils/syscalls/gcc/syscalls.o
LOAD src/main.o
START GROUP
LOAD ../src/ASF/thirdparty/CMSIS/Lib/GCC\libarm_cortexM7lfsp_math_softfp.a
LOAD c:/program files (x86)/atmel/studio/7.0/toolchain/arm/arm-gnu-toolchain/bin/../lib/gcc/arm-none-eabi/6.3.1/../../../../arm-none-eabi/lib/thumb/v7e-m\libm.a
END GROUP
START GROUP
LOAD c:/program files (x86)/atmel/studio/7.0/toolchain/arm/arm-gnu-toolchain/bin/../lib/gcc/arm-none-eabi/6.3.1/thumb/v7e-m\libgcc.a
LOAD c:/program files (x86)/atmel/studio/7.0/toolchain/arm/arm-gnu-toolchain/bin/../lib/gcc/arm-none-eabi/6.3.1/../../../../arm-none-eabi/lib/thumb/v7e-m\libc.a
END GROUP
LOAD c:/program files (x86)/atmel/studio/7.0/toolchain/arm/arm-gnu-toolchain/bin/../lib/gcc/arm-none-eabi/6.3.1/thumb/v7e-m/crtend.o
LOAD c:/program files (x86)/atmel/studio/7.0/toolchain/arm/arm-gnu-toolchain/bin/../lib/gcc/arm-none-eabi/6.3.1/thumb/v7e-m/crtn.o
                0x00002000                STACK_SIZE = DEFINED (STACK_SIZE)?STACK_SIZE:0x2000
                0x2045fffc                __ram_end__ = ((ORIGIN (ram) + LENGTH (ram)) - 0x4)
                0x00000200                HEAP_SIZE = DEFINED (HEAP_SIZE)?HEAP_SIZE:0x200

.text           0x00400000     0x2d4c
                0x00400000                . = ALIGN (0x4)
                0x00400000                _sfixed = .
 *(.vectors .vectors.*)
 .vectors       0x00400000      0x140 src/ASF/sam/utils/cmsis/same70/source/templates/gcc/startup_same70.o
                0x00400000                exception_table
 *(.text .text.* .gnu.linkonce.t.*)
 .text          0x00400140       0x6c c:/program files (x86)/atmel/studio/7.0/toolchain/arm/arm-gnu-toolchain/bin/../lib/gcc/arm-none-eabi/6.3.1/thumb/v7e-m/crtbegin.o
 .text.rtc_set_hour_mode
                0x004001ac       0x16 src/ASF/sam/drivers/rtc/rtc.o
                0x004001ac                rtc_set_hour_mode
 .text.rtc_enable_interrupt
                0x004001c2        0x4 src/ASF/sam/drivers/rtc/rtc.o
                0x004001c2                rtc_enable_interrupt
 .text.rtc_get_time
                0x004001c6       0x5a src/ASF/sam/drivers/rtc/rtc.o
                0x004001c6                rtc_get_time
 .text.rtc_set_time
                0x00400220       0x90 src/ASF/sam/drivers/rtc/rtc.o
                0x00400220                rtc_set_time
 .text.rtc_set_time_alarm
                0x004002b0       0x94 src/ASF/sam/drivers/rtc/rtc.o
                0x004002b0                rtc_set_time_alarm
 .text.rtc_set_date
                0x00400344       0xb8 src/ASF/sam/drivers/rtc/rtc.o
                0x00400344                rtc_set_date
 .text.rtc_set_date_alarm
                0x004003fc       0x60 src/ASF/sam/drivers/rtc/rtc.o
                0x004003fc                rtc_set_date_alarm
 .text.rtc_get_status
                0x0040045c        0x4 src/ASF/sam/drivers/rtc/rtc.o
                0x0040045c                rtc_get_status
 .text.rtc_clear_status
                0x00400460        0x4 src/ASF/sam/drivers/rtc/rtc.o
                0x00400460                rtc_clear_status
 .text.spi_enable_clock
                0x00400464       0x2c src/ASF/sam/drivers/spi/spi.o
                0x00400464                spi_enable_clock
 .text.spi_set_peripheral_chip_select_value
                0x00400490       0x16 src/ASF/sam/drivers/spi/spi.o
                0x00400490                spi_set_peripheral_chip_select_value
 .text.spi_write
                0x004004a6       0x34 src/ASF/sam/drivers/spi/spi.o
                0x004004a6                spi_write
 .text.spi_set_clock_polarity
                0x004004da       0x1e src/ASF/sam/drivers/spi/spi.o
                0x004004da                spi_set_clock_polarity
 .text.spi_set_clock_phase
                0x004004f8       0x1e src/ASF/sam/drivers/spi/spi.o
                0x004004f8                spi_set_clock_phase
 .text.spi_configure_cs_behavior
                0x00400516       0x46 src/ASF/sam/drivers/spi/spi.o
                0x00400516                spi_configure_cs_behavior
 .text.spi_set_bits_per_transfer
                0x0040055c       0x14 src/ASF/sam/drivers/spi/spi.o
                0x0040055c                spi_set_bits_per_transfer
 .text.spi_calc_baudrate_div
                0x00400570       0x16 src/ASF/sam/drivers/spi/spi.o
                0x00400570                spi_calc_baudrate_div
 .text.spi_set_baudrate_div
                0x00400586       0x28 src/ASF/sam/drivers/spi/spi.o
                0x00400586                spi_set_baudrate_div
 *fill*         0x004005ae        0x2 
 .text.gfx_mono_set_framebuffer
                0x004005b0        0xc src/gfx_mono_framebuffer.o
                0x004005b0                gfx_mono_set_framebuffer
 .text.gfx_mono_framebuffer_put_byte
                0x004005bc       0x10 src/gfx_mono_framebuffer.o
                0x004005bc                gfx_mono_framebuffer_put_byte
 .text.gfx_mono_framebuffer_get_byte
                0x004005cc       0x10 src/gfx_mono_framebuffer.o
                0x004005cc                gfx_mono_framebuffer_get_byte
 .text.gfx_mono_generic_draw_horizontal_line
                0x004005dc       0xd0 src/gfx_mono_generic.o
                0x004005dc                gfx_mono_generic_draw_horizontal_line
 .text.gfx_mono_generic_draw_filled_rect
                0x004006ac       0x38 src/gfx_mono_generic.o
                0x004006ac                gfx_mono_generic_draw_filled_rect
 .text.gfx_mono_draw_char
                0x004006e4       0xac src/gfx_mono_text.o
                0x004006e4                gfx_mono_draw_char
 .text.gfx_mono_draw_string
                0x00400790       0x48 src/gfx_mono_text.o
                0x00400790                gfx_mono_draw_string
 .text.gfx_mono_ssd1306_put_byte
                0x004007d8       0x50 src/gfx_mono_ug_2832hsweg04.o
                0x004007d8                gfx_mono_ssd1306_put_byte
 .text.gfx_mono_ssd1306_init
                0x00400828       0x50 src/gfx_mono_ug_2832hsweg04.o
                0x00400828                gfx_mono_ssd1306_init
 .text.gfx_mono_ssd1306_draw_pixel
                0x00400878       0x64 src/gfx_mono_ug_2832hsweg04.o
                0x00400878                gfx_mono_ssd1306_draw_pixel
 .text.gfx_mono_ssd1306_get_byte
                0x004008dc        0xc src/gfx_mono_ug_2832hsweg04.o
                0x004008dc                gfx_mono_ssd1306_get_byte
 .text.ssd1306_write_command
                0x004008e8       0x40 src/ssd1306.o
                0x004008e8                ssd1306_write_command
 .text.ssd1306_init
                0x00400928      0x1e0 src/ssd1306.o
                0x00400928                ssd1306_init
 .text.ssd1306_write_data
                0x00400b08       0x40 src/ssd1306.o
                0x00400b08                ssd1306_write_data
 .text.sysclk_init
                0x00400b48       0x70 src/ASF/common/services/clock/same70/sysclk.o
                0x00400b48                sysclk_init
 .text.board_init
                0x00400bb8      0x140 src/ASF/sam/boards/same70_xplained/init.o
                0x00400bb8                board_init
 .text.pio_pull_up
                0x00400cf8        0xa src/ASF/sam/drivers/pio/pio.o
                0x00400cf8                pio_pull_up
 .text.pio_set  0x00400d02        0x4 src/ASF/sam/drivers/pio/pio.o
                0x00400d02                pio_set
 .text.pio_set_peripheral
                0x00400d06       0x92 src/ASF/sam/drivers/pio/pio.o
                0x00400d06                pio_set_peripheral
 .text.pio_set_input
                0x00400d98       0x36 src/ASF/sam/drivers/pio/pio.o
                0x00400d98                pio_set_input
 .text.pio_set_output
                0x00400dce       0x28 src/ASF/sam/drivers/pio/pio.o
                0x00400dce                pio_set_output
 *fill*         0x00400df6        0x2 
 .text.pio_configure
                0x00400df8       0x90 src/ASF/sam/drivers/pio/pio.o
                0x00400df8                pio_configure
 .text.pio_configure_interrupt
                0x00400e88       0x32 src/ASF/sam/drivers/pio/pio.o
                0x00400e88                pio_configure_interrupt
 .text.pio_enable_interrupt
                0x00400eba        0x4 src/ASF/sam/drivers/pio/pio.o
                0x00400eba                pio_enable_interrupt
 .text.pio_get_interrupt_status
                0x00400ebe        0x4 src/ASF/sam/drivers/pio/pio.o
                0x00400ebe                pio_get_interrupt_status
 .text.pio_get_interrupt_mask
                0x00400ec2        0x4 src/ASF/sam/drivers/pio/pio.o
                0x00400ec2                pio_get_interrupt_mask
 *fill*         0x00400ec6        0x2 
 .text.pio_handler_process
                0x00400ec8       0x50 src/ASF/sam/drivers/pio/pio_handler.o
                0x00400ec8                pio_handler_process
 .text.pio_handler_set
                0x00400f18       0x70 src/ASF/sam/drivers/pio/pio_handler.o
                0x00400f18                pio_handler_set
 .text.PIOA_Handler
                0x00400f88       0x14 src/ASF/sam/drivers/pio/pio_handler.o
                0x00400f88                PIOA_Handler
 .text.PIOB_Handler
                0x00400f9c       0x14 src/ASF/sam/drivers/pio/pio_handler.o
                0x00400f9c                PIOB_Handler
 .text.PIOC_Handler
                0x00400fb0       0x14 src/ASF/sam/drivers/pio/pio_handler.o
                0x00400fb0                PIOC_Handler
 .text.PIOD_Handler
                0x00400fc4       0x14 src/ASF/sam/drivers/pio/pio_handler.o
                0x00400fc4                PIOD_Handler
 .text.PIOE_Handler
                0x00400fd8       0x14 src/ASF/sam/drivers/pio/pio_handler.o
                0x00400fd8                PIOE_Handler
 .text.pmc_mck_set_division
                0x00400fec       0x38 src/ASF/sam/drivers/pmc/pmc.o
                0x00400fec                pmc_mck_set_division
 .text.pmc_switch_mck_to_pllack
                0x00401024       0x64 src/ASF/sam/drivers/pmc/pmc.o
                0x00401024                pmc_switch_mck_to_pllack
 .text.pmc_switch_mainck_to_xtal
                0x00401088       0x54 src/ASF/sam/drivers/pmc/pmc.o
                0x00401088                pmc_switch_mainck_to_xtal
 .text.pmc_osc_is_ready_mainck
                0x004010dc       0x10 src/ASF/sam/drivers/pmc/pmc.o
                0x004010dc                pmc_osc_is_ready_mainck
 .text.pmc_disable_pllack
                0x004010ec       0x10 src/ASF/sam/drivers/pmc/pmc.o
                0x004010ec                pmc_disable_pllack
 .text.pmc_is_locked_pllack
                0x004010fc       0x10 src/ASF/sam/drivers/pmc/pmc.o
                0x004010fc                pmc_is_locked_pllack
 .text.pmc_enable_periph_clk
                0x0040110c       0x54 src/ASF/sam/drivers/pmc/pmc.o
                0x0040110c                pmc_enable_periph_clk
 .text.Dummy_Handler
                0x00401160        0x2 src/ASF/sam/utils/cmsis/same70/source/templates/gcc/startup_same70.o
                0x00401160                DACC_Handler
                0x00401160                DebugMon_Handler
                0x00401160                UART3_Handler
                0x00401160                UART2_Handler
                0x00401160                TRNG_Handler
                0x00401160                HardFault_Handler
                0x00401160                TC2_Handler
                0x00401160                SysTick_Handler
                0x00401160                AFEC1_Handler
                0x00401160                PendSV_Handler
                0x00401160                NMI_Handler
                0x00401160                TC7_Handler
                0x00401160                QSPI_Handler
                0x00401160                ISI_Handler
                0x00401160                TC9_Handler
                0x00401160                RSWDT_Handler
                0x00401160                MCAN1_Handler
                0x00401160                USART0_Handler
                0x00401160                RTT_Handler
                0x00401160                USBHS_Handler
                0x00401160                UsageFault_Handler
                0x00401160                TC6_Handler
                0x00401160                WDT_Handler
                0x00401160                TC4_Handler
                0x00401160                TC1_Handler
                0x00401160                HSMCI_Handler
                0x00401160                UART1_Handler
                0x00401160                TC3_Handler
                0x00401160                Dummy_Handler
                0x00401160                TWIHS1_Handler
                0x00401160                XDMAC_Handler
                0x00401160                UART4_Handler
                0x00401160                PWM1_Handler
                0x00401160                USART1_Handler
                0x00401160                PWM0_Handler
                0x00401160                AFEC0_Handler
                0x00401160                SSC_Handler
                0x00401160                TC11_Handler
                0x00401160                ACC_Handler
                0x00401160                PMC_Handler
                0x00401160                GMAC_Handler
                0x00401160                MemManage_Handler
                0x00401160                SUPC_Handler
                0x00401160                SVC_Handler
                0x00401160                TC8_Handler
                0x00401160                EFC_Handler
                0x00401160                USART2_Handler
                0x00401160                SDRAMC_Handler
                0x00401160                SPI1_Handler
                0x00401160                MCAN0_Handler
                0x00401160                TC10_Handler
                0x00401160                TWIHS2_Handler
                0x00401160                UART0_Handler
                0x00401160                BusFault_Handler
                0x00401160                RSTC_Handler
                0x00401160                TC0_Handler
                0x00401160                TC5_Handler
                0x00401160                ICM_Handler
                0x00401160                AES_Handler
                0x00401160                TWIHS0_Handler
                0x00401160                SPI0_Handler
 *fill*         0x00401162        0x2 
 .text.Reset_Handler
                0x00401164       0xc8 src/ASF/sam/utils/cmsis/same70/source/templates/gcc/startup_same70.o
                0x00401164                Reset_Handler
 .text.SystemCoreClockUpdate
                0x0040122c      0x10c src/ASF/sam/utils/cmsis/same70/source/templates/system_same70.o
                0x0040122c                SystemCoreClockUpdate
 .text.system_init_flash
                0x00401338       0x8c src/ASF/sam/utils/cmsis/same70/source/templates/system_same70.o
                0x00401338                system_init_flash
 .text.but_flag_callback
                0x004013c4        0xc src/main.o
                0x004013c4                but_flag_callback
 .text.but_p_freq_callback
                0x004013d0        0xc src/main.o
                0x004013d0                but_p_freq_callback
 .text.but_m_freq_callback
                0x004013dc        0xc src/main.o
                0x004013dc                but_m_freq_callback
 .text.but_stop_callback
                0x004013e8        0xc src/main.o
                0x004013e8                but_stop_callback
 *fill*         0x004013f4        0x4 
 .text.RTC_Handler
                0x004013f8      0x198 src/main.o
                0x004013f8                RTC_Handler
 .text.io_init  0x00401590      0x160 src/main.o
                0x00401590                io_init
 .text.RTC_init
                0x004016f0       0x64 src/main.o
                0x004016f0                RTC_init
 .text.main     0x00401754      0x14c src/main.o
                0x00401754                main
 .text          0x004018a0      0x370 c:/program files (x86)/atmel/studio/7.0/toolchain/arm/arm-gnu-toolchain/bin/../lib/gcc/arm-none-eabi/6.3.1/thumb/v7e-m\libgcc.a(_arm_addsubdf3.o)
                0x004018a0                __aeabi_drsub
                0x004018a8                __aeabi_dsub
                0x004018a8                __subdf3
                0x004018ac                __aeabi_dadd
                0x004018ac                __adddf3
                0x00401b24                __floatunsidf
                0x00401b24                __aeabi_ui2d
                0x00401b44                __floatsidf
                0x00401b44                __aeabi_i2d
                0x00401b68                __aeabi_f2d
                0x00401b68                __extendsfdf2
                0x00401ba4                __floatundidf
                0x00401ba4                __aeabi_ul2d
                0x00401bb4                __floatdidf
                0x00401bb4                __aeabi_l2d
 .text          0x00401c10      0x424 c:/program files (x86)/atmel/studio/7.0/toolchain/arm/arm-gnu-toolchain/bin/../lib/gcc/arm-none-eabi/6.3.1/thumb/v7e-m\libgcc.a(_arm_muldivdf3.o)
                0x00401c10                __aeabi_dmul
                0x00401c10                __muldf3
                0x00401e64                __divdf3
                0x00401e64                __aeabi_ddiv
 .text          0x00402034       0x50 c:/program files (x86)/atmel/studio/7.0/toolchain/arm/arm-gnu-toolchain/bin/../lib/gcc/arm-none-eabi/6.3.1/thumb/v7e-m\libgcc.a(_arm_fixdfsi.o)
                0x00402034                __aeabi_d2iz
                0x00402034                __fixdfsi
 .text.__libc_init_array
                0x00402084       0x50 c:/program files (x86)/atmel/studio/7.0/toolchain/arm/arm-gnu-toolchain/bin/../lib/gcc/arm-none-eabi/6.3.1/../../../../arm-none-eabi/lib/thumb/v7e-m\libc.a(lib_a-init.o)
                0x00402084                __libc_init_array
 .text.__itoa   0x004020d4       0x30 c:/program files (x86)/atmel/studio/7.0/toolchain/arm/arm-gnu-toolchain/bin/../lib/gcc/arm-none-eabi/6.3.1/../../../../arm-none-eabi/lib/thumb/v7e-m\libc.a(lib_a-itoa.o)
                0x004020d4                __itoa
 .text.itoa     0x00402104        0x4 c:/program files (x86)/atmel/studio/7.0/toolchain/arm/arm-gnu-toolchain/bin/../lib/gcc/arm-none-eabi/6.3.1/../../../../arm-none-eabi/lib/thumb/v7e-m\libc.a(lib_a-itoa.o)
                0x00402104                itoa
 .text.__utoa   0x00402108       0x80 c:/program files (x86)/atmel/studio/7.0/toolchain/arm/arm-gnu-toolchain/bin/../lib/gcc/arm-none-eabi/6.3.1/../../../../arm-none-eabi/lib/thumb/v7e-m\libc.a(lib_a-utoa.o)
                0x00402108                __utoa
 .text.startup.register_fini
                0x00402188       0x14 c:/program files (x86)/atmel/studio/7.0/toolchain/arm/arm-gnu-toolchain/bin/../lib/gcc/arm-none-eabi/6.3.1/../../../../arm-none-eabi/lib/thumb/v7e-m\libc.a(lib_a-__call_atexit.o)
 .text.atexit   0x0040219c        0xc c:/program files (x86)/atmel/studio/7.0/toolchain/arm/arm-gnu-toolchain/bin/../lib/gcc/arm-none-eabi/6.3.1/../../../../arm-none-eabi/lib/thumb/v7e-m\libc.a(lib_a-atexit.o)
                0x0040219c                atexit
 .text.__libc_fini_array
                0x004021a8       0x34 c:/program files (x86)/atmel/studio/7.0/toolchain/arm/arm-gnu-toolchain/bin/../lib/gcc/arm-none-eabi/6.3.1/../../../../arm-none-eabi/lib/thumb/v7e-m\libc.a(lib_a-fini.o)
                0x004021a8                __libc_fini_array
 .text.__retarget_lock_acquire_recursive
                0x004021dc        0x4 c:/program files (x86)/atmel/studio/7.0/toolchain/arm/arm-gnu-toolchain/bin/../lib/gcc/arm-none-eabi/6.3.1/../../../../arm-none-eabi/lib/thumb/v7e-m\libc.a(lib_a-lock.o)
                0x004021dc                __retarget_lock_acquire_recursive
 .text.__retarget_lock_release_recursive
                0x004021e0        0x4 c:/program files (x86)/atmel/studio/7.0/toolchain/arm/arm-gnu-toolchain/bin/../lib/gcc/arm-none-eabi/6.3.1/../../../../arm-none-eabi/lib/thumb/v7e-m\libc.a(lib_a-lock.o)
                0x004021e0                __retarget_lock_release_recursive
 .text.__register_exitproc
                0x004021e4       0xc4 c:/program files (x86)/atmel/studio/7.0/toolchain/arm/arm-gnu-toolchain/bin/../lib/gcc/arm-none-eabi/6.3.1/../../../../arm-none-eabi/lib/thumb/v7e-m\libc.a(lib_a-__atexit.o)
                0x004021e4                __register_exitproc
 *(.glue_7t)
 .glue_7t       0x004022a8        0x0 linker stubs
 *(.glue_7)
 .glue_7        0x004022a8        0x0 linker stubs
 *(.rodata .rodata* .gnu.linkonce.r.*)
 .rodata.sysfont_glyphs
                0x004022a8      0xa48 src/sysfont.o
 .rodata.RTC_Handler.str1.4
                0x00402cf0        0x6 src/main.o
 *fill*         0x00402cf6        0x2 
 .rodata.main.str1.4
                0x00402cf8        0x2 src/main.o
 *fill*         0x00402cfa        0x2 
 .rodata._global_impure_ptr
                0x00402cfc        0x4 c:/program files (x86)/atmel/studio/7.0/toolchain/arm/arm-gnu-toolchain/bin/../lib/gcc/arm-none-eabi/6.3.1/../../../../arm-none-eabi/lib/thumb/v7e-m\libc.a(lib_a-impure.o)
                0x00402cfc                _global_impure_ptr
 .rodata.__utoa.str1.4
                0x00402d00       0x28 c:/program files (x86)/atmel/studio/7.0/toolchain/arm/arm-gnu-toolchain/bin/../lib/gcc/arm-none-eabi/6.3.1/../../../../arm-none-eabi/lib/thumb/v7e-m\libc.a(lib_a-utoa.o)
                                 0x25 (size before relaxing)
 *(.ARM.extab* .gnu.linkonce.armextab.*)
                0x00402d28                . = ALIGN (0x4)
 *(.init)
 .init          0x00402d28        0x4 c:/program files (x86)/atmel/studio/7.0/toolchain/arm/arm-gnu-toolchain/bin/../lib/gcc/arm-none-eabi/6.3.1/thumb/v7e-m/crti.o
                0x00402d28                _init
 .init          0x00402d2c        0x8 c:/program files (x86)/atmel/studio/7.0/toolchain/arm/arm-gnu-toolchain/bin/../lib/gcc/arm-none-eabi/6.3.1/thumb/v7e-m/crtn.o
                0x00402d34                . = ALIGN (0x4)
                0x00402d34                __preinit_array_start = .
 *(.preinit_array)
                0x00402d34                __preinit_array_end = .
                0x00402d34                . = ALIGN (0x4)
                0x00402d34                __init_array_start = .
 *(SORT(.init_array.*))
 .init_array.00000
                0x00402d34        0x4 c:/program files (x86)/atmel/studio/7.0/toolchain/arm/arm-gnu-toolchain/bin/../lib/gcc/arm-none-eabi/6.3.1/../../../../arm-none-eabi/lib/thumb/v7e-m\libc.a(lib_a-__call_atexit.o)
 *(.init_array)
 .init_array    0x00402d38        0x4 c:/program files (x86)/atmel/studio/7.0/toolchain/arm/arm-gnu-toolchain/bin/../lib/gcc/arm-none-eabi/6.3.1/thumb/v7e-m/crtbegin.o
                0x00402d3c                __init_array_end = .
                0x00402d3c                . = ALIGN (0x4)
 *crtbegin.o(.ctors)
 *(EXCLUDE_FILE(*crtend.o) .ctors)
 *(SORT(.ctors.*))
 *crtend.o(.ctors)
                0x00402d3c                . = ALIGN (0x4)
 *(.fini)
 .fini          0x00402d3c        0x4 c:/program files (x86)/atmel/studio/7.0/toolchain/arm/arm-gnu-toolchain/bin/../lib/gcc/arm-none-eabi/6.3.1/thumb/v7e-m/crti.o
                0x00402d3c                _fini
 .fini          0x00402d40        0x8 c:/program files (x86)/atmel/studio/7.0/toolchain/arm/arm-gnu-toolchain/bin/../lib/gcc/arm-none-eabi/6.3.1/thumb/v7e-m/crtn.o
                0x00402d48                . = ALIGN (0x4)
                0x00402d48                __fini_array_start = .
 *(.fini_array)
 .fini_array    0x00402d48        0x4 c:/program files (x86)/atmel/studio/7.0/toolchain/arm/arm-gnu-toolchain/bin/../lib/gcc/arm-none-eabi/6.3.1/thumb/v7e-m/crtbegin.o
 *(SORT(.fini_array.*))
                0x00402d4c                __fini_array_end = .
 *crtbegin.o(.dtors)
 *(EXCLUDE_FILE(*crtend.o) .dtors)
 *(SORT(.dtors.*))
 *crtend.o(.dtors)
                0x00402d4c                . = ALIGN (0x4)
                0x00402d4c                _efixed = .
                [!provide]                PROVIDE (__exidx_start, .)

.vfp11_veneer   0x00402d4c        0x0
 .vfp11_veneer  0x00402d4c        0x0 linker stubs

.v4_bx          0x00402d4c        0x0
 .v4_bx         0x00402d4c        0x0 linker stubs

.iplt           0x00402d4c        0x0
 .iplt          0x00402d4c        0x0 c:/program files (x86)/atmel/studio/7.0/toolchain/arm/arm-gnu-toolchain/bin/../lib/gcc/arm-none-eabi/6.3.1/thumb/v7e-m/crtbegin.o

.eh_frame       0x00402d4c        0x0
 .eh_frame      0x00402d4c        0x0 c:/program files (x86)/atmel/studio/7.0/toolchain/arm/arm-gnu-toolchain/bin/../lib/gcc/arm-none-eabi/6.3.1/thumb/v7e-m/crtbegin.o

.rel.dyn        0x00402d4c        0x0
 .rel.iplt      0x00402d4c        0x0 c:/program files (x86)/atmel/studio/7.0/toolchain/arm/arm-gnu-toolchain/bin/../lib/gcc/arm-none-eabi/6.3.1/thumb/v7e-m/crtbegin.o

.jcr            0x00402d4c        0x0
 .jcr           0x00402d4c        0x0 c:/program files (x86)/atmel/studio/7.0/toolchain/arm/arm-gnu-toolchain/bin/../lib/gcc/arm-none-eabi/6.3.1/thumb/v7e-m/crtbegin.o

.igot.plt       0x00402d4c        0x0
 .igot.plt      0x00402d4c        0x0 c:/program files (x86)/atmel/studio/7.0/toolchain/arm/arm-gnu-toolchain/bin/../lib/gcc/arm-none-eabi/6.3.1/thumb/v7e-m/crtbegin.o

.ARM.exidx
 *(.ARM.exidx* .gnu.linkonce.armexidx.*)
                [!provide]                PROVIDE (__exidx_end, .)
                0x00402d4c                . = ALIGN (0x4)
                0x00402d4c                _etext = .

.relocate       0x20400000      0x454 load address 0x00402d4c
                0x20400000                . = ALIGN (0x4)
                0x20400000                _srelocate = .
 *(.ramfunc .ramfunc.*)
 .ramfunc       0x20400000        0xa src/ASF/common/services/delay/sam/cycle_counter.o
                0x20400000                portable_delay_cycles
 *(.data .data.*)
 *fill*         0x2040000a        0x2 
 .data.sysfont  0x2040000c        0xc src/sysfont.o
                0x2040000c                sysfont
 .data.g_interrupt_enabled
                0x20400018        0x1 src/ASF/common/utils/interrupt/interrupt_sam_nvic.o
                0x20400018                g_interrupt_enabled
 *fill*         0x20400019        0x3 
 .data.SystemCoreClock
                0x2040001c        0x4 src/ASF/sam/utils/cmsis/same70/source/templates/system_same70.o
                0x2040001c                SystemCoreClock
 .data.flag_led0
                0x20400020        0x1 src/main.o
                0x20400020                flag_led0
 *fill*         0x20400021        0x7 
 .data.impure_data
                0x20400028      0x428 c:/program files (x86)/atmel/studio/7.0/toolchain/arm/arm-gnu-toolchain/bin/../lib/gcc/arm-none-eabi/6.3.1/../../../../arm-none-eabi/lib/thumb/v7e-m\libc.a(lib_a-impure.o)
 .data.__atexit_recursive_mutex
                0x20400450        0x4 c:/program files (x86)/atmel/studio/7.0/toolchain/arm/arm-gnu-toolchain/bin/../lib/gcc/arm-none-eabi/6.3.1/../../../../arm-none-eabi/lib/thumb/v7e-m\libc.a(lib_a-__call_atexit.o)
                0x20400450                __atexit_recursive_mutex
                0x20400454                . = ALIGN (0x4)
                0x20400454                _erelocate = .

.bss            0x20400454      0x2dc load address 0x004031a0
                0x20400454                . = ALIGN (0x4)
                0x20400454                _sbss = .
                0x20400454                _szero = .
 *(.bss .bss.*)
 .bss           0x20400454       0x1c c:/program files (x86)/atmel/studio/7.0/toolchain/arm/arm-gnu-toolchain/bin/../lib/gcc/arm-none-eabi/6.3.1/thumb/v7e-m/crtbegin.o
 .bss.fbpointer
                0x20400470        0x4 src/gfx_mono_framebuffer.o
 .bss.framebuffer
                0x20400474      0x200 src/gfx_mono_ug_2832hsweg04.o
 .bss.gs_interrupt_sources
                0x20400674       0x70 src/ASF/sam/drivers/pio/pio_handler.o
 .bss.gs_ul_nb_sources
                0x204006e4        0x4 src/ASF/sam/drivers/pio/pio_handler.o
 .bss.bot       0x204006e8        0x4 src/main.o
                0x204006e8                bot
 .bss.but_stop  0x204006ec        0x1 src/main.o
                0x204006ec                but_stop
 *(COMMON)
 *fill*         0x204006ed        0x3 
 COMMON         0x204006f0       0x1a src/main.o
                0x204006f0                minuto
                0x204006f4                seg
                0x204006f8                hour
                0x204006fc                v
                0x20400700                but_flag
                0x20400704                d
                0x20400708                but_p_freq
                0x20400709                but_m_freq
 *fill*         0x2040070a        0x2 
 COMMON         0x2040070c       0x21 c:/program files (x86)/atmel/studio/7.0/toolchain/arm/arm-gnu-toolchain/bin/../lib/gcc/arm-none-eabi/6.3.1/../../../../arm-none-eabi/lib/thumb/v7e-m\libc.a(lib_a-lock.o)
                0x2040070c                __lock___atexit_recursive_mutex
                0x20400710                __lock___arc4random_mutex
                0x20400714                __lock___env_recursive_mutex
                0x20400718                __lock___sinit_recursive_mutex
                0x2040071c                __lock___malloc_recursive_mutex
                0x20400720                __lock___at_quick_exit_mutex
                0x20400724                __lock___dd_hash_mutex
                0x20400728                __lock___tz_mutex
                0x2040072c                __lock___sfp_recursive_mutex
                0x20400730                . = ALIGN (0x4)
 *fill*         0x2040072d        0x3 
                0x20400730                _ebss = .
                0x20400730                _ezero = .

.stack          0x20400730     0x2000 load address 0x0040347c
                0x20400730                . = ALIGN (0x8)
                0x20400730                _sstack = .
                0x20402730                . = (. + STACK_SIZE)
 *fill*         0x20400730     0x2000 
                0x20402730                . = ALIGN (0x8)
                0x20402730                _estack = .

.heap           0x20402730      0x200 load address 0x0040547c
                0x20402730                . = ALIGN (0x8)
                0x20402730                _sheap = .
                0x20402930                . = (. + HEAP_SIZE)
 *fill*         0x20402730      0x200 
                0x20402930                . = ALIGN (0x8)
                0x20402930                _eheap = .
                0x20402930                . = ALIGN (0x4)
                0x20402930                _end = .
                0x2045ffff                _ram_end_ = ((ORIGIN (ram) + LENGTH (ram)) - 0x1)
OUTPUT(spi_teste.elf elf32-littlearm)

.ARM.attributes
                0x00000000       0x2e
 .ARM.attributes
                0x00000000       0x1e c:/program files (x86)/atmel/studio/7.0/toolchain/arm/arm-gnu-toolchain/bin/../lib/gcc/arm-none-eabi/6.3.1/thumb/v7e-m/crti.o
 .ARM.attributes
                0x0000001e       0x2e c:/program files (x86)/atmel/studio/7.0/toolchain/arm/arm-gnu-toolchain/bin/../lib/gcc/arm-none-eabi/6.3.1/thumb/v7e-m/crtbegin.o
 .ARM.attributes
                0x0000004c       0x37 src/ASF/sam/drivers/rtc/rtc.o
 .ARM.attributes
                0x00000083       0x37 src/ASF/sam/drivers/spi/spi.o
 .ARM.attributes
                0x000000ba       0x37 src/gfx_mono_framebuffer.o
 .ARM.attributes
                0x000000f1       0x37 src/gfx_mono_generic.o
 .ARM.attributes
                0x00000128       0x37 src/gfx_mono_text.o
 .ARM.attributes
                0x0000015f       0x37 src/gfx_mono_ug_2832hsweg04.o
 .ARM.attributes
                0x00000196       0x37 src/ssd1306.o
 .ARM.attributes
                0x000001cd       0x37 src/sysfont.o
 .ARM.attributes
                0x00000204       0x37 src/ASF/common/services/delay/sam/cycle_counter.o
 .ARM.attributes
                0x0000023b       0x37 src/ASF/common/services/clock/same70/sysclk.o
 .ARM.attributes
                0x00000272       0x37 src/ASF/common/utils/interrupt/interrupt_sam_nvic.o
 .ARM.attributes
                0x000002a9       0x37 src/ASF/sam/boards/same70_xplained/init.o
 .ARM.attributes
                0x000002e0       0x37 src/ASF/sam/drivers/pio/pio.o
 .ARM.attributes
                0x00000317       0x37 src/ASF/sam/drivers/pio/pio_handler.o
 .ARM.attributes
                0x0000034e       0x37 src/ASF/sam/drivers/pmc/pmc.o
 .ARM.attributes
                0x00000385       0x37 src/ASF/sam/utils/cmsis/same70/source/templates/gcc/startup_same70.o
 .ARM.attributes
                0x000003bc       0x37 src/ASF/sam/utils/cmsis/same70/source/templates/system_same70.o
 .ARM.attributes
                0x000003f3       0x37 src/main.o
 .ARM.attributes
                0x0000042a       0x1e c:/program files (x86)/atmel/studio/7.0/toolchain/arm/arm-gnu-toolchain/bin/../lib/gcc/arm-none-eabi/6.3.1/thumb/v7e-m\libgcc.a(_arm_addsubdf3.o)
 .ARM.attributes
                0x00000448       0x1e c:/program files (x86)/atmel/studio/7.0/toolchain/arm/arm-gnu-toolchain/bin/../lib/gcc/arm-none-eabi/6.3.1/thumb/v7e-m\libgcc.a(_arm_muldivdf3.o)
 .ARM.attributes
                0x00000466       0x1e c:/program files (x86)/atmel/studio/7.0/toolchain/arm/arm-gnu-toolchain/bin/../lib/gcc/arm-none-eabi/6.3.1/thumb/v7e-m\libgcc.a(_arm_fixdfsi.o)
 .ARM.attributes
                0x00000484       0x2e c:/program files (x86)/atmel/studio/7.0/toolchain/arm/arm-gnu-toolchain/bin/../lib/gcc/arm-none-eabi/6.3.1/../../../../arm-none-eabi/lib/thumb/v7e-m\libc.a(lib_a-impure.o)
 .ARM.attributes
                0x000004b2       0x2e c:/program files (x86)/atmel/studio/7.0/toolchain/arm/arm-gnu-toolchain/bin/../lib/gcc/arm-none-eabi/6.3.1/../../../../arm-none-eabi/lib/thumb/v7e-m\libc.a(lib_a-init.o)
 .ARM.attributes
                0x000004e0       0x2e c:/program files (x86)/atmel/studio/7.0/toolchain/arm/arm-gnu-toolchain/bin/../lib/gcc/arm-none-eabi/6.3.1/../../../../arm-none-eabi/lib/thumb/v7e-m\libc.a(lib_a-itoa.o)
 .ARM.attributes
                0x0000050e       0x2e c:/program files (x86)/atmel/studio/7.0/toolchain/arm/arm-gnu-toolchain/bin/../lib/gcc/arm-none-eabi/6.3.1/../../../../arm-none-eabi/lib/thumb/v7e-m\libc.a(lib_a-utoa.o)
 .ARM.attributes
                0x0000053c       0x2e c:/program files (x86)/atmel/studio/7.0/toolchain/arm/arm-gnu-toolchain/bin/../lib/gcc/arm-none-eabi/6.3.1/../../../../arm-none-eabi/lib/thumb/v7e-m\libc.a(lib_a-__call_atexit.o)
 .ARM.attributes
                0x0000056a       0x2e c:/program files (x86)/atmel/studio/7.0/toolchain/arm/arm-gnu-toolchain/bin/../lib/gcc/arm-none-eabi/6.3.1/../../../../arm-none-eabi/lib/thumb/v7e-m\libc.a(lib_a-atexit.o)
 .ARM.attributes
                0x00000598       0x2e c:/program files (x86)/atmel/studio/7.0/toolchain/arm/arm-gnu-toolchain/bin/../lib/gcc/arm-none-eabi/6.3.1/../../../../arm-none-eabi/lib/thumb/v7e-m\libc.a(lib_a-fini.o)
 .ARM.attributes
                0x000005c6       0x2e c:/program files (x86)/atmel/studio/7.0/toolchain/arm/arm-gnu-toolchain/bin/../lib/gcc/arm-none-eabi/6.3.1/../../../../arm-none-eabi/lib/thumb/v7e-m\libc.a(lib_a-lock.o)
 .ARM.attributes
                0x000005f4       0x2e c:/program files (x86)/atmel/studio/7.0/toolchain/arm/arm-gnu-toolchain/bin/../lib/gcc/arm-none-eabi/6.3.1/../../../../arm-none-eabi/lib/thumb/v7e-m\libc.a(lib_a-__atexit.o)
 .ARM.attributes
                0x00000622       0x1e c:/program files (x86)/atmel/studio/7.0/toolchain/arm/arm-gnu-toolchain/bin/../lib/gcc/arm-none-eabi/6.3.1/thumb/v7e-m/crtn.o

.comment        0x00000000       0x59
 .comment       0x00000000       0x59 src/ASF/sam/drivers/rtc/rtc.o
                                 0x5a (size before relaxing)
 .comment       0x00000059       0x5a src/ASF/sam/drivers/spi/spi.o
 .comment       0x00000059       0x5a src/gfx_mono_framebuffer.o
 .comment       0x00000059       0x5a src/gfx_mono_generic.o
 .comment       0x00000059       0x5a src/gfx_mono_text.o
 .comment       0x00000059       0x5a src/gfx_mono_ug_2832hsweg04.o
 .comment       0x00000059       0x5a src/ssd1306.o
 .comment       0x00000059       0x5a src/sysfont.o
 .comment       0x00000059       0x5a src/ASF/common/services/delay/sam/cycle_counter.o
 .comment       0x00000059       0x5a src/ASF/common/services/clock/same70/sysclk.o
 .comment       0x00000059       0x5a src/ASF/common/utils/interrupt/interrupt_sam_nvic.o
 .comment       0x00000059       0x5a src/ASF/sam/boards/same70_xplained/init.o
 .comment       0x00000059       0x5a src/ASF/sam/drivers/pio/pio.o
 .comment       0x00000059       0x5a src/ASF/sam/drivers/pio/pio_handler.o
 .comment       0x00000059       0x5a src/ASF/sam/drivers/pmc/pmc.o
 .comment       0x00000059       0x5a src/ASF/sam/utils/cmsis/same70/source/templates/gcc/startup_same70.o
 .comment       0x00000059       0x5a src/ASF/sam/utils/cmsis/same70/source/templates/system_same70.o
 .comment       0x00000059       0x5a src/main.o

.debug_info     0x00000000    0x16fb7
 .debug_info    0x00000000     0x10f7 src/ASF/sam/drivers/rtc/rtc.o
 .debug_info    0x000010f7     0x115d src/ASF/sam/drivers/spi/spi.o
 .debug_info    0x00002254      0xdd2 src/gfx_mono_framebuffer.o
 .debug_info    0x00003026     0x157d src/gfx_mono_generic.o
 .debug_info    0x000045a3      0xf6a src/gfx_mono_text.o
 .debug_info    0x0000550d     0x11a0 src/gfx_mono_ug_2832hsweg04.o
 .debug_info    0x000066ad     0x1fae src/ssd1306.o
 .debug_info    0x0000865b      0xb06 src/sysfont.o
 .debug_info    0x00009161      0xa45 src/ASF/common/services/delay/sam/cycle_counter.o
 .debug_info    0x00009ba6     0x1267 src/ASF/common/services/clock/same70/sysclk.o
 .debug_info    0x0000ae0d      0xb01 src/ASF/common/utils/interrupt/interrupt_sam_nvic.o
 .debug_info    0x0000b90e     0x1bd7 src/ASF/sam/boards/same70_xplained/init.o
 .debug_info    0x0000d4e5     0x2150 src/ASF/sam/drivers/pio/pio.o
 .debug_info    0x0000f635     0x1b22 src/ASF/sam/drivers/pio/pio_handler.o
 .debug_info    0x00011157     0x1e0e src/ASF/sam/drivers/pmc/pmc.o
 .debug_info    0x00012f65     0x156a src/ASF/sam/utils/cmsis/same70/source/templates/gcc/startup_same70.o
 .debug_info    0x000144cf      0x55b src/ASF/sam/utils/cmsis/same70/source/templates/system_same70.o
 .debug_info    0x00014a2a     0x258d src/main.o

.debug_abbrev   0x00000000     0x3391
 .debug_abbrev  0x00000000      0x2e3 src/ASF/sam/drivers/rtc/rtc.o
 .debug_abbrev  0x000002e3      0x3a5 src/ASF/sam/drivers/spi/spi.o
 .debug_abbrev  0x00000688      0x284 src/gfx_mono_framebuffer.o
 .debug_abbrev  0x0000090c      0x2a2 src/gfx_mono_generic.o
 .debug_abbrev  0x00000bae      0x30a src/gfx_mono_text.o
 .debug_abbrev  0x00000eb8      0x34b src/gfx_mono_ug_2832hsweg04.o
 .debug_abbrev  0x00001203      0x35e src/ssd1306.o
 .debug_abbrev  0x00001561      0x1b6 src/sysfont.o
 .debug_abbrev  0x00001717      0x1b3 src/ASF/common/services/delay/sam/cycle_counter.o
 .debug_abbrev  0x000018ca      0x31f src/ASF/common/services/clock/same70/sysclk.o
 .debug_abbrev  0x00001be9      0x212 src/ASF/common/utils/interrupt/interrupt_sam_nvic.o
 .debug_abbrev  0x00001dfb      0x368 src/ASF/sam/boards/same70_xplained/init.o
 .debug_abbrev  0x00002163      0x410 src/ASF/sam/drivers/pio/pio.o
 .debug_abbrev  0x00002573      0x32f src/ASF/sam/drivers/pio/pio_handler.o
 .debug_abbrev  0x000028a2      0x369 src/ASF/sam/drivers/pmc/pmc.o
 .debug_abbrev  0x00002c0b      0x2e4 src/ASF/sam/utils/cmsis/same70/source/templates/gcc/startup_same70.o
 .debug_abbrev  0x00002eef      0x102 src/ASF/sam/utils/cmsis/same70/source/templates/system_same70.o
 .debug_abbrev  0x00002ff1      0x3a0 src/main.o

.debug_loc      0x00000000     0x5ae0
 .debug_loc     0x00000000      0x8d0 src/ASF/sam/drivers/rtc/rtc.o
 .debug_loc     0x000008d0      0x610 src/ASF/sam/drivers/spi/spi.o
 .debug_loc     0x00000ee0      0x506 src/gfx_mono_framebuffer.o
 .debug_loc     0x000013e6      0xda8 src/gfx_mono_generic.o
 .debug_loc     0x0000218e      0x66a src/gfx_mono_text.o
 .debug_loc     0x000027f8      0x6ee src/gfx_mono_ug_2832hsweg04.o
 .debug_loc     0x00002ee6      0x365 src/ssd1306.o
 .debug_loc     0x0000324b      0x183 src/ASF/common/services/clock/same70/sysclk.o
 .debug_loc     0x000033ce      0x1e7 src/ASF/sam/boards/same70_xplained/init.o
 .debug_loc     0x000035b5      0xea4 src/ASF/sam/drivers/pio/pio.o
 .debug_loc     0x00004459      0x588 src/ASF/sam/drivers/pio/pio_handler.o
 .debug_loc     0x000049e1      0xce3 src/ASF/sam/drivers/pmc/pmc.o
 .debug_loc     0x000056c4       0x77 src/ASF/sam/utils/cmsis/same70/source/templates/gcc/startup_same70.o
 .debug_loc     0x0000573b      0x3a5 src/main.o

.debug_aranges  0x00000000      0x8a0
 .debug_aranges
                0x00000000       0xb8 src/ASF/sam/drivers/rtc/rtc.o
 .debug_aranges
                0x000000b8       0x90 src/ASF/sam/drivers/spi/spi.o
 .debug_aranges
                0x00000148       0x58 src/gfx_mono_framebuffer.o
 .debug_aranges
                0x000001a0       0x58 src/gfx_mono_generic.o
 .debug_aranges
                0x000001f8       0x40 src/gfx_mono_text.o
 .debug_aranges
                0x00000238       0x60 src/gfx_mono_ug_2832hsweg04.o
 .debug_aranges
                0x00000298       0x30 src/ssd1306.o
 .debug_aranges
                0x000002c8       0x18 src/sysfont.o
 .debug_aranges
                0x000002e0       0x20 src/ASF/common/services/delay/sam/cycle_counter.o
 .debug_aranges
                0x00000300       0x40 src/ASF/common/services/clock/same70/sysclk.o
 .debug_aranges
                0x00000340       0x28 src/ASF/common/utils/interrupt/interrupt_sam_nvic.o
 .debug_aranges
                0x00000368       0x20 src/ASF/sam/boards/same70_xplained/init.o
 .debug_aranges
                0x00000388      0x1a8 src/ASF/sam/drivers/pio/pio.o
 .debug_aranges
                0x00000530       0x60 src/ASF/sam/drivers/pio/pio_handler.o
 .debug_aranges
                0x00000590      0x250 src/ASF/sam/drivers/pmc/pmc.o
 .debug_aranges
                0x000007e0       0x28 src/ASF/sam/utils/cmsis/same70/source/templates/gcc/startup_same70.o
 .debug_aranges
                0x00000808       0x30 src/ASF/sam/utils/cmsis/same70/source/templates/system_same70.o
 .debug_aranges
                0x00000838       0x68 src/main.o

.debug_ranges   0x00000000      0x8e0
 .debug_ranges  0x00000000       0xa8 src/ASF/sam/drivers/rtc/rtc.o
 .debug_ranges  0x000000a8       0x80 src/ASF/sam/drivers/spi/spi.o
 .debug_ranges  0x00000128       0x48 src/gfx_mono_framebuffer.o
 .debug_ranges  0x00000170       0x48 src/gfx_mono_generic.o
 .debug_ranges  0x000001b8       0x48 src/gfx_mono_text.o
 .debug_ranges  0x00000200       0x80 src/gfx_mono_ug_2832hsweg04.o
 .debug_ranges  0x00000280       0x20 src/ssd1306.o
 .debug_ranges  0x000002a0       0x10 src/ASF/common/services/delay/sam/cycle_counter.o
 .debug_ranges  0x000002b0       0x30 src/ASF/common/services/clock/same70/sysclk.o
 .debug_ranges  0x000002e0       0x18 src/ASF/common/utils/interrupt/interrupt_sam_nvic.o
 .debug_ranges  0x000002f8       0x10 src/ASF/sam/boards/same70_xplained/init.o
 .debug_ranges  0x00000308      0x2a0 src/ASF/sam/drivers/pio/pio.o
 .debug_ranges  0x000005a8       0x68 src/ASF/sam/drivers/pio/pio_handler.o
 .debug_ranges  0x00000610      0x240 src/ASF/sam/drivers/pmc/pmc.o
 .debug_ranges  0x00000850       0x18 src/ASF/sam/utils/cmsis/same70/source/templates/gcc/startup_same70.o
 .debug_ranges  0x00000868       0x20 src/ASF/sam/utils/cmsis/same70/source/templates/system_same70.o
 .debug_ranges  0x00000888       0x58 src/main.o

.debug_macro    0x00000000    0x20afd
 .debug_macro   0x00000000      0x678 src/ASF/sam/drivers/rtc/rtc.o
 .debug_macro   0x00000678      0x8ce src/ASF/sam/drivers/rtc/rtc.o
 .debug_macro   0x00000f46      0x16d src/ASF/sam/drivers/rtc/rtc.o
 .debug_macro   0x000010b3      0x64b src/ASF/sam/drivers/rtc/rtc.o
 .debug_macro   0x000016fe       0x76 src/ASF/sam/drivers/rtc/rtc.o
 .debug_macro   0x00001774       0x16 src/ASF/sam/drivers/rtc/rtc.o
 .debug_macro   0x0000178a      0x6e4 src/ASF/sam/drivers/rtc/rtc.o
 .debug_macro   0x00001e6e       0x22 src/ASF/sam/drivers/rtc/rtc.o
 .debug_macro   0x00001e90       0x87 src/ASF/sam/drivers/rtc/rtc.o
 .debug_macro   0x00001f17       0x51 src/ASF/sam/drivers/rtc/rtc.o
 .debug_macro   0x00001f68       0xef src/ASF/sam/drivers/rtc/rtc.o
 .debug_macro   0x00002057       0x6a src/ASF/sam/drivers/rtc/rtc.o
 .debug_macro   0x000020c1      0x1df src/ASF/sam/drivers/rtc/rtc.o
 .debug_macro   0x000022a0       0x4a src/ASF/sam/drivers/rtc/rtc.o
 .debug_macro   0x000022ea       0x3b src/ASF/sam/drivers/rtc/rtc.o
 .debug_macro   0x00002325       0x2d src/ASF/sam/drivers/rtc/rtc.o
 .debug_macro   0x00002352       0x26 src/ASF/sam/drivers/rtc/rtc.o
 .debug_macro   0x00002378      0xf9a src/ASF/sam/drivers/rtc/rtc.o
 .debug_macro   0x00003312      0x175 src/ASF/sam/drivers/rtc/rtc.o
 .debug_macro   0x00003487      0x257 src/ASF/sam/drivers/rtc/rtc.o
 .debug_macro   0x000036de      0xa0f src/ASF/sam/drivers/rtc/rtc.o
 .debug_macro   0x000040ed      0x1b9 src/ASF/sam/drivers/rtc/rtc.o
 .debug_macro   0x000042a6      0x336 src/ASF/sam/drivers/rtc/rtc.o
 .debug_macro   0x000045dc      0x15b src/ASF/sam/drivers/rtc/rtc.o
 .debug_macro   0x00004737     0x1851 src/ASF/sam/drivers/rtc/rtc.o
 .debug_macro   0x00005f88       0x1c src/ASF/sam/drivers/rtc/rtc.o
 .debug_macro   0x00005fa4      0x68d src/ASF/sam/drivers/rtc/rtc.o
 .debug_macro   0x00006631      0x31e src/ASF/sam/drivers/rtc/rtc.o
 .debug_macro   0x0000694f      0x4d4 src/ASF/sam/drivers/rtc/rtc.o
 .debug_macro   0x00006e23      0x56e src/ASF/sam/drivers/rtc/rtc.o
 .debug_macro   0x00007391     0x1332 src/ASF/sam/drivers/rtc/rtc.o
 .debug_macro   0x000086c3     0x278d src/ASF/sam/drivers/rtc/rtc.o
 .debug_macro   0x0000ae50     0x102b src/ASF/sam/drivers/rtc/rtc.o
 .debug_macro   0x0000be7b      0xe01 src/ASF/sam/drivers/rtc/rtc.o
 .debug_macro   0x0000cc7c      0x3b1 src/ASF/sam/drivers/rtc/rtc.o
 .debug_macro   0x0000d02d       0xa0 src/ASF/sam/drivers/rtc/rtc.o
 .debug_macro   0x0000d0cd       0x76 src/ASF/sam/drivers/rtc/rtc.o
 .debug_macro   0x0000d143      0x409 src/ASF/sam/drivers/rtc/rtc.o
 .debug_macro   0x0000d54c       0x64 src/ASF/sam/drivers/rtc/rtc.o
 .debug_macro   0x0000d5b0      0x284 src/ASF/sam/drivers/rtc/rtc.o
 .debug_macro   0x0000d834      0x1d0 src/ASF/sam/drivers/rtc/rtc.o
 .debug_macro   0x0000da04      0x248 src/ASF/sam/drivers/rtc/rtc.o
 .debug_macro   0x0000dc4c      0x524 src/ASF/sam/drivers/rtc/rtc.o
 .debug_macro   0x0000e170      0x63b src/ASF/sam/drivers/rtc/rtc.o
 .debug_macro   0x0000e7ab      0x6b8 src/ASF/sam/drivers/rtc/rtc.o
 .debug_macro   0x0000ee63       0x4c src/ASF/sam/drivers/rtc/rtc.o
 .debug_macro   0x0000eeaf      0x468 src/ASF/sam/drivers/rtc/rtc.o
 .debug_macro   0x0000f317      0x207 src/ASF/sam/drivers/rtc/rtc.o
 .debug_macro   0x0000f51e      0x866 src/ASF/sam/drivers/rtc/rtc.o
 .debug_macro   0x0000fd84     0x1547 src/ASF/sam/drivers/rtc/rtc.o
 .debug_macro   0x000112cb       0x40 src/ASF/sam/drivers/rtc/rtc.o
 .debug_macro   0x0001130b       0x76 src/ASF/sam/drivers/rtc/rtc.o
 .debug_macro   0x00011381      0xdaf src/ASF/sam/drivers/rtc/rtc.o
 .debug_macro   0x00012130       0x82 src/ASF/sam/drivers/rtc/rtc.o
 .debug_macro   0x000121b2       0x76 src/ASF/sam/drivers/rtc/rtc.o
 .debug_macro   0x00012228       0x4c src/ASF/sam/drivers/rtc/rtc.o
 .debug_macro   0x00012274      0x135 src/ASF/sam/drivers/rtc/rtc.o
 .debug_macro   0x000123a9      0x135 src/ASF/sam/drivers/rtc/rtc.o
 .debug_macro   0x000124de      0x135 src/ASF/sam/drivers/rtc/rtc.o
 .debug_macro   0x00012613       0x6a src/ASF/sam/drivers/rtc/rtc.o
 .debug_macro   0x0001267d       0x6a src/ASF/sam/drivers/rtc/rtc.o
 .debug_macro   0x000126e7      0x313 src/ASF/sam/drivers/rtc/rtc.o
 .debug_macro   0x000129fa       0xb2 src/ASF/sam/drivers/rtc/rtc.o
 .debug_macro   0x00012aac       0xb2 src/ASF/sam/drivers/rtc/rtc.o
 .debug_macro   0x00012b5e       0xb2 src/ASF/sam/drivers/rtc/rtc.o
 .debug_macro   0x00012c10      0x11d src/ASF/sam/drivers/rtc/rtc.o
 .debug_macro   0x00012d2d      0x11d src/ASF/sam/drivers/rtc/rtc.o
 .debug_macro   0x00012e4a      0x2cd src/ASF/sam/drivers/rtc/rtc.o
 .debug_macro   0x00013117       0xb8 src/ASF/sam/drivers/rtc/rtc.o
 .debug_macro   0x000131cf       0x5e src/ASF/sam/drivers/rtc/rtc.o
 .debug_macro   0x0001322d       0x40 src/ASF/sam/drivers/rtc/rtc.o
 .debug_macro   0x0001326d       0x4c src/ASF/sam/drivers/rtc/rtc.o
 .debug_macro   0x000132b9       0xa0 src/ASF/sam/drivers/rtc/rtc.o
 .debug_macro   0x00013359      0x494 src/ASF/sam/drivers/rtc/rtc.o
 .debug_macro   0x000137ed      0x135 src/ASF/sam/drivers/rtc/rtc.o
 .debug_macro   0x00013922       0x4c src/ASF/sam/drivers/rtc/rtc.o
 .debug_macro   0x0001396e      0x313 src/ASF/sam/drivers/rtc/rtc.o
 .debug_macro   0x00013c81       0x6a src/ASF/sam/drivers/rtc/rtc.o
 .debug_macro   0x00013ceb       0xb8 src/ASF/sam/drivers/rtc/rtc.o
 .debug_macro   0x00013da3       0x6a src/ASF/sam/drivers/rtc/rtc.o
 .debug_macro   0x00013e0d       0x2e src/ASF/sam/drivers/rtc/rtc.o
 .debug_macro   0x00013e3b      0x9b1 src/ASF/sam/drivers/rtc/rtc.o
 .debug_macro   0x000147ec       0x6a src/ASF/sam/drivers/rtc/rtc.o
 .debug_macro   0x00014856       0x88 src/ASF/sam/drivers/rtc/rtc.o
 .debug_macro   0x000148de       0x58 src/ASF/sam/drivers/rtc/rtc.o
 .debug_macro   0x00014936       0xe2 src/ASF/sam/drivers/rtc/rtc.o
 .debug_macro   0x00014a18       0x16 src/ASF/sam/drivers/rtc/rtc.o
 .debug_macro   0x00014a2e       0xe2 src/ASF/sam/drivers/rtc/rtc.o
 .debug_macro   0x00014b10       0x4c src/ASF/sam/drivers/rtc/rtc.o
 .debug_macro   0x00014b5c       0x16 src/ASF/sam/drivers/rtc/rtc.o
 .debug_macro   0x00014b72       0x4c src/ASF/sam/drivers/rtc/rtc.o
 .debug_macro   0x00014bbe       0x2e src/ASF/sam/drivers/rtc/rtc.o
 .debug_macro   0x00014bec      0x1b5 src/ASF/sam/drivers/rtc/rtc.o
 .debug_macro   0x00014da1      0x1b5 src/ASF/sam/drivers/rtc/rtc.o
 .debug_macro   0x00014f56      0x1b5 src/ASF/sam/drivers/rtc/rtc.o
 .debug_macro   0x0001510b      0x1b5 src/ASF/sam/drivers/rtc/rtc.o
 .debug_macro   0x000152c0      0x1b5 src/ASF/sam/drivers/rtc/rtc.o
 .debug_macro   0x00015475       0x1c src/ASF/sam/drivers/rtc/rtc.o
 .debug_macro   0x00015491       0x2e src/ASF/sam/drivers/rtc/rtc.o
 .debug_macro   0x000154bf       0x22 src/ASF/sam/drivers/rtc/rtc.o
 .debug_macro   0x000154e1       0x1c src/ASF/sam/drivers/rtc/rtc.o
 .debug_macro   0x000154fd       0x52 src/ASF/sam/drivers/rtc/rtc.o
 .debug_macro   0x0001554f       0x10 src/ASF/sam/drivers/rtc/rtc.o
 .debug_macro   0x0001555f       0x1c src/ASF/sam/drivers/rtc/rtc.o
 .debug_macro   0x0001557b       0x4c src/ASF/sam/drivers/rtc/rtc.o
 .debug_macro   0x000155c7       0x4c src/ASF/sam/drivers/rtc/rtc.o
 .debug_macro   0x00015613       0x4c src/ASF/sam/drivers/rtc/rtc.o
 .debug_macro   0x0001565f      0x31b src/ASF/sam/drivers/rtc/rtc.o
 .debug_macro   0x0001597a     0x1022 src/ASF/sam/drivers/rtc/rtc.o
 .debug_macro   0x0001699c      0x107 src/ASF/sam/drivers/rtc/rtc.o
 .debug_macro   0x00016aa3       0x58 src/ASF/sam/drivers/rtc/rtc.o
 .debug_macro   0x00016afb       0x35 src/ASF/sam/drivers/rtc/rtc.o
 .debug_macro   0x00016b30       0x9c src/ASF/sam/drivers/rtc/rtc.o
 .debug_macro   0x00016bcc       0x16 src/ASF/sam/drivers/rtc/rtc.o
 .debug_macro   0x00016be2       0x35 src/ASF/sam/drivers/rtc/rtc.o
 .debug_macro   0x00016c17      0x353 src/ASF/sam/drivers/rtc/rtc.o
 .debug_macro   0x00016f6a       0x10 src/ASF/sam/drivers/rtc/rtc.o
 .debug_macro   0x00016f7a       0x58 src/ASF/sam/drivers/rtc/rtc.o
 .debug_macro   0x00016fd2       0x1f src/ASF/sam/drivers/rtc/rtc.o
 .debug_macro   0x00016ff1       0x43 src/ASF/sam/drivers/rtc/rtc.o
 .debug_macro   0x00017034       0x20 src/ASF/sam/drivers/rtc/rtc.o
 .debug_macro   0x00017054      0x187 src/ASF/sam/drivers/rtc/rtc.o
 .debug_macro   0x000171db       0x10 src/ASF/sam/drivers/rtc/rtc.o
 .debug_macro   0x000171eb       0x1c src/ASF/sam/drivers/rtc/rtc.o
 .debug_macro   0x00017207       0x52 src/ASF/sam/drivers/rtc/rtc.o
 .debug_macro   0x00017259       0x40 src/ASF/sam/drivers/rtc/rtc.o
 .debug_macro   0x00017299       0x10 src/ASF/sam/drivers/rtc/rtc.o
 .debug_macro   0x000172a9       0x40 src/ASF/sam/drivers/rtc/rtc.o
 .debug_macro   0x000172e9       0xd7 src/ASF/sam/drivers/rtc/rtc.o
 .debug_macro   0x000173c0       0x16 src/ASF/sam/drivers/rtc/rtc.o
 .debug_macro   0x000173d6      0x18b src/ASF/sam/drivers/rtc/rtc.o
 .debug_macro   0x00017561       0x22 src/ASF/sam/drivers/rtc/rtc.o
 .debug_macro   0x00017583       0x16 src/ASF/sam/drivers/rtc/rtc.o
 .debug_macro   0x00017599       0x16 src/ASF/sam/drivers/rtc/rtc.o
 .debug_macro   0x000175af       0x29 src/ASF/sam/drivers/rtc/rtc.o
 .debug_macro   0x000175d8       0x75 src/ASF/sam/drivers/rtc/rtc.o
 .debug_macro   0x0001764d       0x3f src/ASF/sam/drivers/rtc/rtc.o
 .debug_macro   0x0001768c      0x3ca src/ASF/sam/drivers/rtc/rtc.o
 .debug_macro   0x00017a56      0x6d9 src/ASF/sam/drivers/spi/spi.o
 .debug_macro   0x0001812f       0x10 src/ASF/sam/drivers/spi/spi.o
 .debug_macro   0x0001813f       0x3a src/ASF/sam/drivers/spi/spi.o
 .debug_macro   0x00018179      0x2c6 src/ASF/sam/drivers/spi/spi.o
 .debug_macro   0x0001843f      0xa96 src/ASF/sam/drivers/spi/spi.o
 .debug_macro   0x00018ed5       0x70 src/ASF/sam/drivers/spi/spi.o
 .debug_macro   0x00018f45       0x64 src/ASF/sam/drivers/spi/spi.o
 .debug_macro   0x00018fa9       0x5f src/ASF/sam/drivers/spi/spi.o
 .debug_macro   0x00019008       0xac src/ASF/sam/drivers/spi/spi.o
 .debug_macro   0x000190b4      0x7db src/gfx_mono_framebuffer.o
 .debug_macro   0x0001988f       0x50 src/gfx_mono_framebuffer.o
 .debug_macro   0x000198df       0x22 src/gfx_mono_framebuffer.o
 .debug_macro   0x00019901       0x7b src/gfx_mono_framebuffer.o
 .debug_macro   0x0001997c       0x28 src/gfx_mono_framebuffer.o
 .debug_macro   0x000199a4       0x23 src/gfx_mono_framebuffer.o
 .debug_macro   0x000199c7       0x94 src/gfx_mono_framebuffer.o
 .debug_macro   0x00019a5b       0x40 src/gfx_mono_framebuffer.o
 .debug_macro   0x00019a9b       0x88 src/gfx_mono_framebuffer.o
 .debug_macro   0x00019b23      0x1ce src/gfx_mono_framebuffer.o
 .debug_macro   0x00019cf1       0x34 src/gfx_mono_framebuffer.o
 .debug_macro   0x00019d25       0x16 src/gfx_mono_framebuffer.o
 .debug_macro   0x00019d3b       0x1c src/gfx_mono_framebuffer.o
 .debug_macro   0x00019d57       0x16 src/gfx_mono_framebuffer.o
 .debug_macro   0x00019d6d       0x28 src/gfx_mono_framebuffer.o
 .debug_macro   0x00019d95       0xd1 src/gfx_mono_framebuffer.o
 .debug_macro   0x00019e66       0x8b src/gfx_mono_framebuffer.o
 .debug_macro   0x00019ef1      0x7db src/gfx_mono_generic.o
 .debug_macro   0x0001a6cc      0x7f4 src/gfx_mono_text.o
 .debug_macro   0x0001aec0      0x7df src/gfx_mono_ug_2832hsweg04.o
 .debug_macro   0x0001b69f       0x28 src/gfx_mono_ug_2832hsweg04.o
 .debug_macro   0x0001b6c7      0x7b5 src/ssd1306.o
 .debug_macro   0x0001be7c      0x69c src/sysfont.o
 .debug_macro   0x0001c518       0x3a src/sysfont.o
 .debug_macro   0x0001c552      0x665 src/ASF/common/services/delay/sam/cycle_counter.o
 .debug_macro   0x0001cbb7       0x22 src/ASF/common/services/delay/sam/cycle_counter.o
 .debug_macro   0x0001cbd9      0x6d1 src/ASF/common/services/clock/same70/sysclk.o
 .debug_macro   0x0001d2aa      0x2c0 src/ASF/common/services/clock/same70/sysclk.o
 .debug_macro   0x0001d56a      0x655 src/ASF/common/utils/interrupt/interrupt_sam_nvic.o
 .debug_macro   0x0001dbbf      0x70b src/ASF/sam/boards/same70_xplained/init.o
 .debug_macro   0x0001e2ca       0x82 src/ASF/sam/boards/same70_xplained/init.o
 .debug_macro   0x0001e34c      0x66b src/ASF/sam/drivers/pio/pio.o
 .debug_macro   0x0001e9b7       0x8e src/ASF/sam/drivers/pio/pio.o
 .debug_macro   0x0001ea45      0x676 src/ASF/sam/drivers/pio/pio_handler.o
 .debug_macro   0x0001f0bb      0x66b src/ASF/sam/drivers/pmc/pmc.o
 .debug_macro   0x0001f726       0x6a src/ASF/sam/drivers/pmc/pmc.o
 .debug_macro   0x0001f790      0x664 src/ASF/sam/utils/cmsis/same70/source/templates/gcc/startup_same70.o
 .debug_macro   0x0001fdf4       0x10 src/ASF/sam/utils/cmsis/same70/source/templates/gcc/startup_same70.o
 .debug_macro   0x0001fe04      0x455 src/ASF/sam/utils/cmsis/same70/source/templates/system_same70.o
 .debug_macro   0x00020259      0x8a4 src/main.o

.debug_line     0x00000000     0xe1c7
 .debug_line    0x00000000      0xbe4 src/ASF/sam/drivers/rtc/rtc.o
 .debug_line    0x00000be4      0xc41 src/ASF/sam/drivers/spi/spi.o
 .debug_line    0x00001825      0xe57 src/gfx_mono_framebuffer.o
 .debug_line    0x0000267c      0xf0b src/gfx_mono_generic.o
 .debug_line    0x00003587      0xe65 src/gfx_mono_text.o
 .debug_line    0x000043ec      0xedf src/gfx_mono_ug_2832hsweg04.o
 .debug_line    0x000052cb      0xe34 src/ssd1306.o
 .debug_line    0x000060ff      0xa16 src/sysfont.o
 .debug_line    0x00006b15      0x9ed src/ASF/common/services/delay/sam/cycle_counter.o
 .debug_line    0x00007502      0xb4f src/ASF/common/services/clock/same70/sysclk.o
 .debug_line    0x00008051      0xa01 src/ASF/common/utils/interrupt/interrupt_sam_nvic.o
 .debug_line    0x00008a52      0xc04 src/ASF/sam/boards/same70_xplained/init.o
 .debug_line    0x00009656      0xee3 src/ASF/sam/drivers/pio/pio.o
 .debug_line    0x0000a539      0xabf src/ASF/sam/drivers/pio/pio_handler.o
 .debug_line    0x0000aff8     0x106b src/ASF/sam/drivers/pmc/pmc.o
 .debug_line    0x0000c063      0xa73 src/ASF/sam/utils/cmsis/same70/source/templates/gcc/startup_same70.o
 .debug_line    0x0000cad6      0x7e9 src/ASF/sam/utils/cmsis/same70/source/templates/system_same70.o
 .debug_line    0x0000d2bf      0xf08 src/main.o

.debug_str      0x00000000    0x8fb15
 .debug_str     0x00000000    0x81b65 src/ASF/sam/drivers/rtc/rtc.o
                              0x82214 (size before relaxing)
 .debug_str     0x00081b65     0x4612 src/ASF/sam/drivers/spi/spi.o
                              0x864ec (size before relaxing)
 .debug_str     0x00086177     0x2ab9 src/gfx_mono_framebuffer.o
                              0x88bd3 (size before relaxing)
 .debug_str     0x00088c30      0x257 src/gfx_mono_generic.o
                              0x88d17 (size before relaxing)
 .debug_str     0x00088e87      0x261 src/gfx_mono_text.o
                              0x88cf2 (size before relaxing)
 .debug_str     0x000890e8      0x117 src/gfx_mono_ug_2832hsweg04.o
                              0x88cb3 (size before relaxing)
 .debug_str     0x000891ff      0x60d src/ssd1306.o
                              0x888eb (size before relaxing)
 .debug_str     0x0008980c     0x3edc src/sysfont.o
                              0x86119 (size before relaxing)
 .debug_str     0x0008d6e8       0x35 src/ASF/common/services/delay/sam/cycle_counter.o
                              0x82052 (size before relaxing)
 .debug_str     0x0008d71d      0x3f1 src/ASF/common/services/clock/same70/sysclk.o
                              0x86570 (size before relaxing)
 .debug_str     0x0008db0e       0x94 src/ASF/common/utils/interrupt/interrupt_sam_nvic.o
                              0x81f22 (size before relaxing)
 .debug_str     0x0008dba2      0x4f4 src/ASF/sam/boards/same70_xplained/init.o
                              0x87060 (size before relaxing)
 .debug_str     0x0008e096      0x573 src/ASF/sam/drivers/pio/pio.o
                              0x82a78 (size before relaxing)
 .debug_str     0x0008e609      0x437 src/ASF/sam/drivers/pio/pio_handler.o
                              0x82b9a (size before relaxing)
 .debug_str     0x0008ea40      0x68e src/ASF/sam/drivers/pmc/pmc.o
                              0x82bdc (size before relaxing)
 .debug_str     0x0008f0ce      0x64c src/ASF/sam/utils/cmsis/same70/source/templates/gcc/startup_same70.o
                              0x826ef (size before relaxing)
 .debug_str     0x0008f71a      0x137 src/ASF/sam/utils/cmsis/same70/source/templates/system_same70.o
                              0x727fb (size before relaxing)
 .debug_str     0x0008f851      0x2c4 src/main.o
                              0x8d64e (size before relaxing)

.debug_frame    0x00000000     0x16d8
 .debug_frame   0x00000000      0x1b0 src/ASF/sam/drivers/rtc/rtc.o
 .debug_frame   0x000001b0      0x140 src/ASF/sam/drivers/spi/spi.o
 .debug_frame   0x000002f0       0xdc src/gfx_mono_framebuffer.o
 .debug_frame   0x000003cc      0x168 src/gfx_mono_generic.o
 .debug_frame   0x00000534       0xc8 src/gfx_mono_text.o
 .debug_frame   0x000005fc      0x124 src/gfx_mono_ug_2832hsweg04.o
 .debug_frame   0x00000720       0x6c src/ssd1306.o
 .debug_frame   0x0000078c       0x20 src/ASF/common/services/delay/sam/cycle_counter.o
 .debug_frame   0x000007ac       0x88 src/ASF/common/services/clock/same70/sysclk.o
 .debug_frame   0x00000834       0x30 src/ASF/common/utils/interrupt/interrupt_sam_nvic.o
 .debug_frame   0x00000864       0x30 src/ASF/sam/boards/same70_xplained/init.o
 .debug_frame   0x00000894      0x390 src/ASF/sam/drivers/pio/pio.o
 .debug_frame   0x00000c24      0x110 src/ASF/sam/drivers/pio/pio_handler.o
 .debug_frame   0x00000d34      0x494 src/ASF/sam/drivers/pmc/pmc.o
 .debug_frame   0x000011c8       0x38 src/ASF/sam/utils/cmsis/same70/source/templates/gcc/startup_same70.o
 .debug_frame   0x00001200       0x40 src/ASF/sam/utils/cmsis/same70/source/templates/system_same70.o
 .debug_frame   0x00001240      0x130 src/main.o
 .debug_frame   0x00001370       0xac c:/program files (x86)/atmel/studio/7.0/toolchain/arm/arm-gnu-toolchain/bin/../lib/gcc/arm-none-eabi/6.3.1/thumb/v7e-m\libgcc.a(_arm_addsubdf3.o)
 .debug_frame   0x0000141c       0x50 c:/program files (x86)/atmel/studio/7.0/toolchain/arm/arm-gnu-toolchain/bin/../lib/gcc/arm-none-eabi/6.3.1/thumb/v7e-m\libgcc.a(_arm_muldivdf3.o)
 .debug_frame   0x0000146c       0x24 c:/program files (x86)/atmel/studio/7.0/toolchain/arm/arm-gnu-toolchain/bin/../lib/gcc/arm-none-eabi/6.3.1/thumb/v7e-m\libgcc.a(_arm_fixdfsi.o)
 .debug_frame   0x00001490       0x2c c:/program files (x86)/atmel/studio/7.0/toolchain/arm/arm-gnu-toolchain/bin/../lib/gcc/arm-none-eabi/6.3.1/../../../../arm-none-eabi/lib/thumb/v7e-m\libc.a(lib_a-init.o)
 .debug_frame   0x000014bc       0x3c c:/program files (x86)/atmel/studio/7.0/toolchain/arm/arm-gnu-toolchain/bin/../lib/gcc/arm-none-eabi/6.3.1/../../../../arm-none-eabi/lib/thumb/v7e-m\libc.a(lib_a-itoa.o)
 .debug_frame   0x000014f8       0x4c c:/program files (x86)/atmel/studio/7.0/toolchain/arm/arm-gnu-toolchain/bin/../lib/gcc/arm-none-eabi/6.3.1/../../../../arm-none-eabi/lib/thumb/v7e-m\libc.a(lib_a-utoa.o)
 .debug_frame   0x00001544       0x5c c:/program files (x86)/atmel/studio/7.0/toolchain/arm/arm-gnu-toolchain/bin/../lib/gcc/arm-none-eabi/6.3.1/../../../../arm-none-eabi/lib/thumb/v7e-m\libc.a(lib_a-__call_atexit.o)
 .debug_frame   0x000015a0       0x20 c:/program files (x86)/atmel/studio/7.0/toolchain/arm/arm-gnu-toolchain/bin/../lib/gcc/arm-none-eabi/6.3.1/../../../../arm-none-eabi/lib/thumb/v7e-m\libc.a(lib_a-atexit.o)
 .debug_frame   0x000015c0       0x34 c:/program files (x86)/atmel/studio/7.0/toolchain/arm/arm-gnu-toolchain/bin/../lib/gcc/arm-none-eabi/6.3.1/../../../../arm-none-eabi/lib/thumb/v7e-m\libc.a(lib_a-fini.o)
 .debug_frame   0x000015f4       0xb0 c:/program files (x86)/atmel/studio/7.0/toolchain/arm/arm-gnu-toolchain/bin/../lib/gcc/arm-none-eabi/6.3.1/../../../../arm-none-eabi/lib/thumb/v7e-m\libc.a(lib_a-lock.o)
 .debug_frame   0x000016a4       0x34 c:/program files (x86)/atmel/studio/7.0/toolchain/arm/arm-gnu-toolchain/bin/../lib/gcc/arm-none-eabi/6.3.1/../../../../arm-none-eabi/lib/thumb/v7e-m\libc.a(lib_a-__atexit.o)

Cross Reference Table

Symbol                                            File
ACC_Handler                                       src/ASF/sam/utils/cmsis/same70/source/templates/gcc/startup_same70.o
AES_Handler                                       src/ASF/sam/utils/cmsis/same70/source/templates/gcc/startup_same70.o
AFEC0_Handler                                     src/ASF/sam/utils/cmsis/same70/source/templates/gcc/startup_same70.o
AFEC1_Handler                                     src/ASF/sam/utils/cmsis/same70/source/templates/gcc/startup_same70.o
BusFault_Handler                                  src/ASF/sam/utils/cmsis/same70/source/templates/gcc/startup_same70.o
DACC_Handler                                      src/ASF/sam/utils/cmsis/same70/source/templates/gcc/startup_same70.o
DebugMon_Handler                                  src/ASF/sam/utils/cmsis/same70/source/templates/gcc/startup_same70.o
Dummy_Handler                                     src/ASF/sam/utils/cmsis/same70/source/templates/gcc/startup_same70.o
EFC_Handler                                       src/ASF/sam/utils/cmsis/same70/source/templates/gcc/startup_same70.o
GMAC_Handler                                      src/ASF/sam/utils/cmsis/same70/source/templates/gcc/startup_same70.o
HSMCI_Handler                                     src/ASF/sam/utils/cmsis/same70/source/templates/gcc/startup_same70.o
HardFault_Handler                                 src/ASF/sam/utils/cmsis/same70/source/templates/gcc/startup_same70.o
ICM_Handler                                       src/ASF/sam/utils/cmsis/same70/source/templates/gcc/startup_same70.o
ISI_Handler                                       src/ASF/sam/utils/cmsis/same70/source/templates/gcc/startup_same70.o
MCAN0_Handler                                     src/ASF/sam/utils/cmsis/same70/source/templates/gcc/startup_same70.o
MCAN1_Handler                                     src/ASF/sam/utils/cmsis/same70/source/templates/gcc/startup_same70.o
MemManage_Handler                                 src/ASF/sam/utils/cmsis/same70/source/templates/gcc/startup_same70.o
NMI_Handler                                       src/ASF/sam/utils/cmsis/same70/source/templates/gcc/startup_same70.o
PIOA_Handler                                      src/ASF/sam/drivers/pio/pio_handler.o
PIOB_Handler                                      src/ASF/sam/drivers/pio/pio_handler.o
PIOC_Handler                                      src/ASF/sam/drivers/pio/pio_handler.o
PIOD_Handler                                      src/ASF/sam/drivers/pio/pio_handler.o
PIOE_Handler                                      src/ASF/sam/drivers/pio/pio_handler.o
PMC_Handler                                       src/ASF/sam/utils/cmsis/same70/source/templates/gcc/startup_same70.o
PWM0_Handler                                      src/ASF/sam/utils/cmsis/same70/source/templates/gcc/startup_same70.o
PWM1_Handler                                      src/ASF/sam/utils/cmsis/same70/source/templates/gcc/startup_same70.o
PendSV_Handler                                    src/ASF/sam/utils/cmsis/same70/source/templates/gcc/startup_same70.o
QSPI_Handler                                      src/ASF/sam/utils/cmsis/same70/source/templates/gcc/startup_same70.o
RSTC_Handler                                      src/ASF/sam/utils/cmsis/same70/source/templates/gcc/startup_same70.o
RSWDT_Handler                                     src/ASF/sam/utils/cmsis/same70/source/templates/gcc/startup_same70.o
RTC_Handler                                       src/main.o
                                                  src/ASF/sam/utils/cmsis/same70/source/templates/gcc/startup_same70.o
RTC_init                                          src/main.o
RTT_Handler                                       src/ASF/sam/utils/cmsis/same70/source/templates/gcc/startup_same70.o
Reset_Handler                                     src/ASF/sam/utils/cmsis/same70/source/templates/gcc/startup_same70.o
SDRAMC_Handler                                    src/ASF/sam/utils/cmsis/same70/source/templates/gcc/startup_same70.o
SPI0_Handler                                      src/ASF/sam/utils/cmsis/same70/source/templates/gcc/startup_same70.o
SPI1_Handler                                      src/ASF/sam/utils/cmsis/same70/source/templates/gcc/startup_same70.o
SSC_Handler                                       src/ASF/sam/utils/cmsis/same70/source/templates/gcc/startup_same70.o
SUPC_Handler                                      src/ASF/sam/utils/cmsis/same70/source/templates/gcc/startup_same70.o
SVC_Handler                                       src/ASF/sam/utils/cmsis/same70/source/templates/gcc/startup_same70.o
SysTick_Handler                                   src/ASF/sam/utils/cmsis/same70/source/templates/gcc/startup_same70.o
SystemCoreClock                                   src/ASF/sam/utils/cmsis/same70/source/templates/system_same70.o
SystemCoreClockUpdate                             src/ASF/sam/utils/cmsis/same70/source/templates/system_same70.o
                                                  src/ASF/common/services/clock/same70/sysclk.o
SystemInit                                        src/ASF/sam/utils/cmsis/same70/source/templates/system_same70.o
TC0_Handler                                       src/ASF/sam/utils/cmsis/same70/source/templates/gcc/startup_same70.o
TC10_Handler                                      src/ASF/sam/utils/cmsis/same70/source/templates/gcc/startup_same70.o
TC11_Handler                                      src/ASF/sam/utils/cmsis/same70/source/templates/gcc/startup_same70.o
TC1_Handler                                       src/ASF/sam/utils/cmsis/same70/source/templates/gcc/startup_same70.o
TC2_Handler                                       src/ASF/sam/utils/cmsis/same70/source/templates/gcc/startup_same70.o
TC3_Handler                                       src/ASF/sam/utils/cmsis/same70/source/templates/gcc/startup_same70.o
TC4_Handler                                       src/ASF/sam/utils/cmsis/same70/source/templates/gcc/startup_same70.o
TC5_Handler                                       src/ASF/sam/utils/cmsis/same70/source/templates/gcc/startup_same70.o
TC6_Handler                                       src/ASF/sam/utils/cmsis/same70/source/templates/gcc/startup_same70.o
TC7_Handler                                       src/ASF/sam/utils/cmsis/same70/source/templates/gcc/startup_same70.o
TC8_Handler                                       src/ASF/sam/utils/cmsis/same70/source/templates/gcc/startup_same70.o
TC9_Handler                                       src/ASF/sam/utils/cmsis/same70/source/templates/gcc/startup_same70.o
TRNG_Handler                                      src/ASF/sam/utils/cmsis/same70/source/templates/gcc/startup_same70.o
TWIHS0_Handler                                    src/ASF/sam/utils/cmsis/same70/source/templates/gcc/startup_same70.o
TWIHS1_Handler                                    src/ASF/sam/utils/cmsis/same70/source/templates/gcc/startup_same70.o
TWIHS2_Handler                                    src/ASF/sam/utils/cmsis/same70/source/templates/gcc/startup_same70.o
UART0_Handler                                     src/ASF/sam/utils/cmsis/same70/source/templates/gcc/startup_same70.o
UART1_Handler                                     src/ASF/sam/utils/cmsis/same70/source/templates/gcc/startup_same70.o
UART2_Handler                                     src/ASF/sam/utils/cmsis/same70/source/templates/gcc/startup_same70.o
UART3_Handler                                     src/ASF/sam/utils/cmsis/same70/source/templates/gcc/startup_same70.o
UART4_Handler                                     src/ASF/sam/utils/cmsis/same70/source/templates/gcc/startup_same70.o
USART0_Handler                                    src/ASF/sam/utils/cmsis/same70/source/templates/gcc/startup_same70.o
USART1_Handler                                    src/ASF/sam/utils/cmsis/same70/source/templates/gcc/startup_same70.o
USART2_Handler                                    src/ASF/sam/utils/cmsis/same70/source/templates/gcc/startup_same70.o
USBHS_Handler                                     src/ASF/sam/utils/cmsis/same70/source/templates/gcc/startup_same70.o
UsageFault_Handler                                src/ASF/sam/utils/cmsis/same70/source/templates/gcc/startup_same70.o
WDT_Handler                                       src/ASF/sam/utils/cmsis/same70/source/templates/gcc/startup_same70.o
XDMAC_Handler                                     src/ASF/sam/utils/cmsis/same70/source/templates/gcc/startup_same70.o
_Jv_RegisterClasses                               c:/program files (x86)/atmel/studio/7.0/toolchain/arm/arm-gnu-toolchain/bin/../lib/gcc/arm-none-eabi/6.3.1/thumb/v7e-m/crtbegin.o
__adddf3                                          c:/program files (x86)/atmel/studio/7.0/toolchain/arm/arm-gnu-toolchain/bin/../lib/gcc/arm-none-eabi/6.3.1/thumb/v7e-m\libgcc.a(_arm_addsubdf3.o)
__aeabi_d2iz                                      c:/program files (x86)/atmel/studio/7.0/toolchain/arm/arm-gnu-toolchain/bin/../lib/gcc/arm-none-eabi/6.3.1/thumb/v7e-m\libgcc.a(_arm_fixdfsi.o)
                                                  src/main.o
__aeabi_dadd                                      c:/program files (x86)/atmel/studio/7.0/toolchain/arm/arm-gnu-toolchain/bin/../lib/gcc/arm-none-eabi/6.3.1/thumb/v7e-m\libgcc.a(_arm_addsubdf3.o)
__aeabi_ddiv                                      c:/program files (x86)/atmel/studio/7.0/toolchain/arm/arm-gnu-toolchain/bin/../lib/gcc/arm-none-eabi/6.3.1/thumb/v7e-m\libgcc.a(_arm_muldivdf3.o)
__aeabi_dmul                                      c:/program files (x86)/atmel/studio/7.0/toolchain/arm/arm-gnu-toolchain/bin/../lib/gcc/arm-none-eabi/6.3.1/thumb/v7e-m\libgcc.a(_arm_muldivdf3.o)
                                                  src/main.o
__aeabi_drsub                                     c:/program files (x86)/atmel/studio/7.0/toolchain/arm/arm-gnu-toolchain/bin/../lib/gcc/arm-none-eabi/6.3.1/thumb/v7e-m\libgcc.a(_arm_addsubdf3.o)
__aeabi_dsub                                      c:/program files (x86)/atmel/studio/7.0/toolchain/arm/arm-gnu-toolchain/bin/../lib/gcc/arm-none-eabi/6.3.1/thumb/v7e-m\libgcc.a(_arm_addsubdf3.o)
__aeabi_f2d                                       c:/program files (x86)/atmel/studio/7.0/toolchain/arm/arm-gnu-toolchain/bin/../lib/gcc/arm-none-eabi/6.3.1/thumb/v7e-m\libgcc.a(_arm_addsubdf3.o)
__aeabi_i2d                                       c:/program files (x86)/atmel/studio/7.0/toolchain/arm/arm-gnu-toolchain/bin/../lib/gcc/arm-none-eabi/6.3.1/thumb/v7e-m\libgcc.a(_arm_addsubdf3.o)
                                                  src/main.o
__aeabi_l2d                                       c:/program files (x86)/atmel/studio/7.0/toolchain/arm/arm-gnu-toolchain/bin/../lib/gcc/arm-none-eabi/6.3.1/thumb/v7e-m\libgcc.a(_arm_addsubdf3.o)
__aeabi_ui2d                                      c:/program files (x86)/atmel/studio/7.0/toolchain/arm/arm-gnu-toolchain/bin/../lib/gcc/arm-none-eabi/6.3.1/thumb/v7e-m\libgcc.a(_arm_addsubdf3.o)
__aeabi_ul2d                                      c:/program files (x86)/atmel/studio/7.0/toolchain/arm/arm-gnu-toolchain/bin/../lib/gcc/arm-none-eabi/6.3.1/thumb/v7e-m\libgcc.a(_arm_addsubdf3.o)
__atexit_recursive_mutex                          c:/program files (x86)/atmel/studio/7.0/toolchain/arm/arm-gnu-toolchain/bin/../lib/gcc/arm-none-eabi/6.3.1/../../../../arm-none-eabi/lib/thumb/v7e-m\libc.a(lib_a-__call_atexit.o)
                                                  c:/program files (x86)/atmel/studio/7.0/toolchain/arm/arm-gnu-toolchain/bin/../lib/gcc/arm-none-eabi/6.3.1/../../../../arm-none-eabi/lib/thumb/v7e-m\libc.a(lib_a-__atexit.o)
__bss_end__                                       c:/program files (x86)/atmel/studio/7.0/toolchain/arm/arm-gnu-toolchain/bin/../lib/gcc/arm-none-eabi/6.3.1/../../../../arm-none-eabi/lib/thumb/v7e-m/crt0.o
__bss_start__                                     c:/program files (x86)/atmel/studio/7.0/toolchain/arm/arm-gnu-toolchain/bin/../lib/gcc/arm-none-eabi/6.3.1/../../../../arm-none-eabi/lib/thumb/v7e-m/crt0.o
__call_exitprocs                                  c:/program files (x86)/atmel/studio/7.0/toolchain/arm/arm-gnu-toolchain/bin/../lib/gcc/arm-none-eabi/6.3.1/../../../../arm-none-eabi/lib/thumb/v7e-m\libc.a(lib_a-__call_atexit.o)
                                                  c:/program files (x86)/atmel/studio/7.0/toolchain/arm/arm-gnu-toolchain/bin/../lib/gcc/arm-none-eabi/6.3.1/../../../../arm-none-eabi/lib/thumb/v7e-m\libc.a(lib_a-exit.o)
__deregister_frame_info                           c:/program files (x86)/atmel/studio/7.0/toolchain/arm/arm-gnu-toolchain/bin/../lib/gcc/arm-none-eabi/6.3.1/thumb/v7e-m/crtbegin.o
__divdf3                                          c:/program files (x86)/atmel/studio/7.0/toolchain/arm/arm-gnu-toolchain/bin/../lib/gcc/arm-none-eabi/6.3.1/thumb/v7e-m\libgcc.a(_arm_muldivdf3.o)
__dso_handle                                      c:/program files (x86)/atmel/studio/7.0/toolchain/arm/arm-gnu-toolchain/bin/../lib/gcc/arm-none-eabi/6.3.1/thumb/v7e-m/crtbegin.o
__extendsfdf2                                     c:/program files (x86)/atmel/studio/7.0/toolchain/arm/arm-gnu-toolchain/bin/../lib/gcc/arm-none-eabi/6.3.1/thumb/v7e-m\libgcc.a(_arm_addsubdf3.o)
__fini_array_end                                  c:/program files (x86)/atmel/studio/7.0/toolchain/arm/arm-gnu-toolchain/bin/../lib/gcc/arm-none-eabi/6.3.1/../../../../arm-none-eabi/lib/thumb/v7e-m\libc.a(lib_a-fini.o)
__fini_array_start                                c:/program files (x86)/atmel/studio/7.0/toolchain/arm/arm-gnu-toolchain/bin/../lib/gcc/arm-none-eabi/6.3.1/../../../../arm-none-eabi/lib/thumb/v7e-m\libc.a(lib_a-fini.o)
__fixdfsi                                         c:/program files (x86)/atmel/studio/7.0/toolchain/arm/arm-gnu-toolchain/bin/../lib/gcc/arm-none-eabi/6.3.1/thumb/v7e-m\libgcc.a(_arm_fixdfsi.o)
__floatdidf                                       c:/program files (x86)/atmel/studio/7.0/toolchain/arm/arm-gnu-toolchain/bin/../lib/gcc/arm-none-eabi/6.3.1/thumb/v7e-m\libgcc.a(_arm_addsubdf3.o)
__floatsidf                                       c:/program files (x86)/atmel/studio/7.0/toolchain/arm/arm-gnu-toolchain/bin/../lib/gcc/arm-none-eabi/6.3.1/thumb/v7e-m\libgcc.a(_arm_addsubdf3.o)
__floatundidf                                     c:/program files (x86)/atmel/studio/7.0/toolchain/arm/arm-gnu-toolchain/bin/../lib/gcc/arm-none-eabi/6.3.1/thumb/v7e-m\libgcc.a(_arm_addsubdf3.o)
__floatunsidf                                     c:/program files (x86)/atmel/studio/7.0/toolchain/arm/arm-gnu-toolchain/bin/../lib/gcc/arm-none-eabi/6.3.1/thumb/v7e-m\libgcc.a(_arm_addsubdf3.o)
__init_array_end                                  c:/program files (x86)/atmel/studio/7.0/toolchain/arm/arm-gnu-toolchain/bin/../lib/gcc/arm-none-eabi/6.3.1/../../../../arm-none-eabi/lib/thumb/v7e-m\libc.a(lib_a-init.o)
__init_array_start                                c:/program files (x86)/atmel/studio/7.0/toolchain/arm/arm-gnu-toolchain/bin/../lib/gcc/arm-none-eabi/6.3.1/../../../../arm-none-eabi/lib/thumb/v7e-m\libc.a(lib_a-init.o)
__itoa                                            c:/program files (x86)/atmel/studio/7.0/toolchain/arm/arm-gnu-toolchain/bin/../lib/gcc/arm-none-eabi/6.3.1/../../../../arm-none-eabi/lib/thumb/v7e-m\libc.a(lib_a-itoa.o)
__libc_fini                                       c:/program files (x86)/atmel/studio/7.0/toolchain/arm/arm-gnu-toolchain/bin/../lib/gcc/arm-none-eabi/6.3.1/../../../../arm-none-eabi/lib/thumb/v7e-m\libc.a(lib_a-__call_atexit.o)
__libc_fini_array                                 c:/program files (x86)/atmel/studio/7.0/toolchain/arm/arm-gnu-toolchain/bin/../lib/gcc/arm-none-eabi/6.3.1/../../../../arm-none-eabi/lib/thumb/v7e-m\libc.a(lib_a-fini.o)
                                                  c:/program files (x86)/atmel/studio/7.0/toolchain/arm/arm-gnu-toolchain/bin/../lib/gcc/arm-none-eabi/6.3.1/../../../../arm-none-eabi/lib/thumb/v7e-m\libc.a(lib_a-__call_atexit.o)
                                                  c:/program files (x86)/atmel/studio/7.0/toolchain/arm/arm-gnu-toolchain/bin/../lib/gcc/arm-none-eabi/6.3.1/../../../../arm-none-eabi/lib/thumb/v7e-m/crt0.o
__libc_init_array                                 c:/program files (x86)/atmel/studio/7.0/toolchain/arm/arm-gnu-toolchain/bin/../lib/gcc/arm-none-eabi/6.3.1/../../../../arm-none-eabi/lib/thumb/v7e-m\libc.a(lib_a-init.o)
                                                  src/ASF/sam/utils/cmsis/same70/source/templates/gcc/startup_same70.o
                                                  c:/program files (x86)/atmel/studio/7.0/toolchain/arm/arm-gnu-toolchain/bin/../lib/gcc/arm-none-eabi/6.3.1/../../../../arm-none-eabi/lib/thumb/v7e-m/crt0.o
__lock___arc4random_mutex                         c:/program files (x86)/atmel/studio/7.0/toolchain/arm/arm-gnu-toolchain/bin/../lib/gcc/arm-none-eabi/6.3.1/../../../../arm-none-eabi/lib/thumb/v7e-m\libc.a(lib_a-lock.o)
__lock___at_quick_exit_mutex                      c:/program files (x86)/atmel/studio/7.0/toolchain/arm/arm-gnu-toolchain/bin/../lib/gcc/arm-none-eabi/6.3.1/../../../../arm-none-eabi/lib/thumb/v7e-m\libc.a(lib_a-lock.o)
__lock___atexit_recursive_mutex                   c:/program files (x86)/atmel/studio/7.0/toolchain/arm/arm-gnu-toolchain/bin/../lib/gcc/arm-none-eabi/6.3.1/../../../../arm-none-eabi/lib/thumb/v7e-m\libc.a(lib_a-lock.o)
                                                  c:/program files (x86)/atmel/studio/7.0/toolchain/arm/arm-gnu-toolchain/bin/../lib/gcc/arm-none-eabi/6.3.1/../../../../arm-none-eabi/lib/thumb/v7e-m\libc.a(lib_a-__call_atexit.o)
__lock___dd_hash_mutex                            c:/program files (x86)/atmel/studio/7.0/toolchain/arm/arm-gnu-toolchain/bin/../lib/gcc/arm-none-eabi/6.3.1/../../../../arm-none-eabi/lib/thumb/v7e-m\libc.a(lib_a-lock.o)
__lock___env_recursive_mutex                      c:/program files (x86)/atmel/studio/7.0/toolchain/arm/arm-gnu-toolchain/bin/../lib/gcc/arm-none-eabi/6.3.1/../../../../arm-none-eabi/lib/thumb/v7e-m\libc.a(lib_a-lock.o)
__lock___malloc_recursive_mutex                   c:/program files (x86)/atmel/studio/7.0/toolchain/arm/arm-gnu-toolchain/bin/../lib/gcc/arm-none-eabi/6.3.1/../../../../arm-none-eabi/lib/thumb/v7e-m\libc.a(lib_a-lock.o)
__lock___sfp_recursive_mutex                      c:/program files (x86)/atmel/studio/7.0/toolchain/arm/arm-gnu-toolchain/bin/../lib/gcc/arm-none-eabi/6.3.1/../../../../arm-none-eabi/lib/thumb/v7e-m\libc.a(lib_a-lock.o)
__lock___sinit_recursive_mutex                    c:/program files (x86)/atmel/studio/7.0/toolchain/arm/arm-gnu-toolchain/bin/../lib/gcc/arm-none-eabi/6.3.1/../../../../arm-none-eabi/lib/thumb/v7e-m\libc.a(lib_a-lock.o)
__lock___tz_mutex                                 c:/program files (x86)/atmel/studio/7.0/toolchain/arm/arm-gnu-toolchain/bin/../lib/gcc/arm-none-eabi/6.3.1/../../../../arm-none-eabi/lib/thumb/v7e-m\libc.a(lib_a-lock.o)
__muldf3                                          c:/program files (x86)/atmel/studio/7.0/toolchain/arm/arm-gnu-toolchain/bin/../lib/gcc/arm-none-eabi/6.3.1/thumb/v7e-m\libgcc.a(_arm_muldivdf3.o)
__preinit_array_end                               c:/program files (x86)/atmel/studio/7.0/toolchain/arm/arm-gnu-toolchain/bin/../lib/gcc/arm-none-eabi/6.3.1/../../../../arm-none-eabi/lib/thumb/v7e-m\libc.a(lib_a-init.o)
__preinit_array_start                             c:/program files (x86)/atmel/studio/7.0/toolchain/arm/arm-gnu-toolchain/bin/../lib/gcc/arm-none-eabi/6.3.1/../../../../arm-none-eabi/lib/thumb/v7e-m\libc.a(lib_a-init.o)
__ram_end__                                       src/ASF/sam/utils/syscalls/gcc/syscalls.o
__register_exitproc                               c:/program files (x86)/atmel/studio/7.0/toolchain/arm/arm-gnu-toolchain/bin/../lib/gcc/arm-none-eabi/6.3.1/../../../../arm-none-eabi/lib/thumb/v7e-m\libc.a(lib_a-__atexit.o)
                                                  c:/program files (x86)/atmel/studio/7.0/toolchain/arm/arm-gnu-toolchain/bin/../lib/gcc/arm-none-eabi/6.3.1/../../../../arm-none-eabi/lib/thumb/v7e-m\libc.a(lib_a-atexit.o)
__register_frame_info                             c:/program files (x86)/atmel/studio/7.0/toolchain/arm/arm-gnu-toolchain/bin/../lib/gcc/arm-none-eabi/6.3.1/thumb/v7e-m/crtbegin.o
__retarget_lock_acquire                           c:/program files (x86)/atmel/studio/7.0/toolchain/arm/arm-gnu-toolchain/bin/../lib/gcc/arm-none-eabi/6.3.1/../../../../arm-none-eabi/lib/thumb/v7e-m\libc.a(lib_a-lock.o)
__retarget_lock_acquire_recursive                 c:/program files (x86)/atmel/studio/7.0/toolchain/arm/arm-gnu-toolchain/bin/../lib/gcc/arm-none-eabi/6.3.1/../../../../arm-none-eabi/lib/thumb/v7e-m\libc.a(lib_a-lock.o)
                                                  c:/program files (x86)/atmel/studio/7.0/toolchain/arm/arm-gnu-toolchain/bin/../lib/gcc/arm-none-eabi/6.3.1/../../../../arm-none-eabi/lib/thumb/v7e-m\libc.a(lib_a-__atexit.o)
                                                  c:/program files (x86)/atmel/studio/7.0/toolchain/arm/arm-gnu-toolchain/bin/../lib/gcc/arm-none-eabi/6.3.1/../../../../arm-none-eabi/lib/thumb/v7e-m\libc.a(lib_a-__call_atexit.o)
__retarget_lock_close                             c:/program files (x86)/atmel/studio/7.0/toolchain/arm/arm-gnu-toolchain/bin/../lib/gcc/arm-none-eabi/6.3.1/../../../../arm-none-eabi/lib/thumb/v7e-m\libc.a(lib_a-lock.o)
__retarget_lock_close_recursive                   c:/program files (x86)/atmel/studio/7.0/toolchain/arm/arm-gnu-toolchain/bin/../lib/gcc/arm-none-eabi/6.3.1/../../../../arm-none-eabi/lib/thumb/v7e-m\libc.a(lib_a-lock.o)
__retarget_lock_init                              c:/program files (x86)/atmel/studio/7.0/toolchain/arm/arm-gnu-toolchain/bin/../lib/gcc/arm-none-eabi/6.3.1/../../../../arm-none-eabi/lib/thumb/v7e-m\libc.a(lib_a-lock.o)
__retarget_lock_init_recursive                    c:/program files (x86)/atmel/studio/7.0/toolchain/arm/arm-gnu-toolchain/bin/../lib/gcc/arm-none-eabi/6.3.1/../../../../arm-none-eabi/lib/thumb/v7e-m\libc.a(lib_a-lock.o)
__retarget_lock_release                           c:/program files (x86)/atmel/studio/7.0/toolchain/arm/arm-gnu-toolchain/bin/../lib/gcc/arm-none-eabi/6.3.1/../../../../arm-none-eabi/lib/thumb/v7e-m\libc.a(lib_a-lock.o)
__retarget_lock_release_recursive                 c:/program files (x86)/atmel/studio/7.0/toolchain/arm/arm-gnu-toolchain/bin/../lib/gcc/arm-none-eabi/6.3.1/../../../../arm-none-eabi/lib/thumb/v7e-m\libc.a(lib_a-lock.o)
                                                  c:/program files (x86)/atmel/studio/7.0/toolchain/arm/arm-gnu-toolchain/bin/../lib/gcc/arm-none-eabi/6.3.1/../../../../arm-none-eabi/lib/thumb/v7e-m\libc.a(lib_a-__atexit.o)
                                                  c:/program files (x86)/atmel/studio/7.0/toolchain/arm/arm-gnu-toolchain/bin/../lib/gcc/arm-none-eabi/6.3.1/../../../../arm-none-eabi/lib/thumb/v7e-m\libc.a(lib_a-__call_atexit.o)
__retarget_lock_try_acquire                       c:/program files (x86)/atmel/studio/7.0/toolchain/arm/arm-gnu-toolchain/bin/../lib/gcc/arm-none-eabi/6.3.1/../../../../arm-none-eabi/lib/thumb/v7e-m\libc.a(lib_a-lock.o)
__retarget_lock_try_acquire_recursive             c:/program files (x86)/atmel/studio/7.0/toolchain/arm/arm-gnu-toolchain/bin/../lib/gcc/arm-none-eabi/6.3.1/../../../../arm-none-eabi/lib/thumb/v7e-m\libc.a(lib_a-lock.o)
__stack                                           c:/program files (x86)/atmel/studio/7.0/toolchain/arm/arm-gnu-toolchain/bin/../lib/gcc/arm-none-eabi/6.3.1/../../../../arm-none-eabi/lib/thumb/v7e-m/crt0.o
__subdf3                                          c:/program files (x86)/atmel/studio/7.0/toolchain/arm/arm-gnu-toolchain/bin/../lib/gcc/arm-none-eabi/6.3.1/thumb/v7e-m\libgcc.a(_arm_addsubdf3.o)
__utoa                                            c:/program files (x86)/atmel/studio/7.0/toolchain/arm/arm-gnu-toolchain/bin/../lib/gcc/arm-none-eabi/6.3.1/../../../../arm-none-eabi/lib/thumb/v7e-m\libc.a(lib_a-utoa.o)
                                                  c:/program files (x86)/atmel/studio/7.0/toolchain/arm/arm-gnu-toolchain/bin/../lib/gcc/arm-none-eabi/6.3.1/../../../../arm-none-eabi/lib/thumb/v7e-m\libc.a(lib_a-itoa.o)
_close                                            src/ASF/sam/utils/syscalls/gcc/syscalls.o
_end                                              src/ASF/sam/utils/syscalls/gcc/syscalls.o
_erelocate                                        src/ASF/sam/utils/cmsis/same70/source/templates/gcc/startup_same70.o
_estack                                           src/ASF/sam/utils/cmsis/same70/source/templates/gcc/startup_same70.o
_etext                                            src/ASF/sam/utils/cmsis/same70/source/templates/gcc/startup_same70.o
_exit                                             src/ASF/sam/utils/syscalls/gcc/syscalls.o
                                                  c:/program files (x86)/atmel/studio/7.0/toolchain/arm/arm-gnu-toolchain/bin/../lib/gcc/arm-none-eabi/6.3.1/../../../../arm-none-eabi/lib/thumb/v7e-m\libc.a(lib_a-exit.o)
_ezero                                            src/ASF/sam/utils/cmsis/same70/source/templates/gcc/startup_same70.o
_fini                                             c:/program files (x86)/atmel/studio/7.0/toolchain/arm/arm-gnu-toolchain/bin/../lib/gcc/arm-none-eabi/6.3.1/thumb/v7e-m/crti.o
                                                  c:/program files (x86)/atmel/studio/7.0/toolchain/arm/arm-gnu-toolchain/bin/../lib/gcc/arm-none-eabi/6.3.1/../../../../arm-none-eabi/lib/thumb/v7e-m\libc.a(lib_a-fini.o)
_fstat                                            src/ASF/sam/utils/syscalls/gcc/syscalls.o
_getpid                                           src/ASF/sam/utils/syscalls/gcc/syscalls.o
_global_impure_ptr                                c:/program files (x86)/atmel/studio/7.0/toolchain/arm/arm-gnu-toolchain/bin/../lib/gcc/arm-none-eabi/6.3.1/../../../../arm-none-eabi/lib/thumb/v7e-m\libc.a(lib_a-impure.o)
                                                  c:/program files (x86)/atmel/studio/7.0/toolchain/arm/arm-gnu-toolchain/bin/../lib/gcc/arm-none-eabi/6.3.1/../../../../arm-none-eabi/lib/thumb/v7e-m\libc.a(lib_a-__atexit.o)
                                                  c:/program files (x86)/atmel/studio/7.0/toolchain/arm/arm-gnu-toolchain/bin/../lib/gcc/arm-none-eabi/6.3.1/../../../../arm-none-eabi/lib/thumb/v7e-m\libc.a(lib_a-__call_atexit.o)
                                                  c:/program files (x86)/atmel/studio/7.0/toolchain/arm/arm-gnu-toolchain/bin/../lib/gcc/arm-none-eabi/6.3.1/../../../../arm-none-eabi/lib/thumb/v7e-m\libc.a(lib_a-exit.o)
_impure_ptr                                       c:/program files (x86)/atmel/studio/7.0/toolchain/arm/arm-gnu-toolchain/bin/../lib/gcc/arm-none-eabi/6.3.1/../../../../arm-none-eabi/lib/thumb/v7e-m\libc.a(lib_a-impure.o)
_init                                             c:/program files (x86)/atmel/studio/7.0/toolchain/arm/arm-gnu-toolchain/bin/../lib/gcc/arm-none-eabi/6.3.1/thumb/v7e-m/crti.o
                                                  c:/program files (x86)/atmel/studio/7.0/toolchain/arm/arm-gnu-toolchain/bin/../lib/gcc/arm-none-eabi/6.3.1/../../../../arm-none-eabi/lib/thumb/v7e-m\libc.a(lib_a-init.o)
_isatty                                           src/ASF/sam/utils/syscalls/gcc/syscalls.o
_kill                                             src/ASF/sam/utils/syscalls/gcc/syscalls.o
_lseek                                            src/ASF/sam/utils/syscalls/gcc/syscalls.o
_mainCRTStartup                                   c:/program files (x86)/atmel/studio/7.0/toolchain/arm/arm-gnu-toolchain/bin/../lib/gcc/arm-none-eabi/6.3.1/../../../../arm-none-eabi/lib/thumb/v7e-m/crt0.o
_sbrk                                             src/ASF/sam/utils/syscalls/gcc/syscalls.o
_sfixed                                           src/ASF/sam/utils/cmsis/same70/source/templates/gcc/startup_same70.o
_srelocate                                        src/ASF/sam/utils/cmsis/same70/source/templates/gcc/startup_same70.o
_start                                            c:/program files (x86)/atmel/studio/7.0/toolchain/arm/arm-gnu-toolchain/bin/../lib/gcc/arm-none-eabi/6.3.1/../../../../arm-none-eabi/lib/thumb/v7e-m/crt0.o
_szero                                            src/ASF/sam/utils/cmsis/same70/source/templates/gcc/startup_same70.o
atexit                                            c:/program files (x86)/atmel/studio/7.0/toolchain/arm/arm-gnu-toolchain/bin/../lib/gcc/arm-none-eabi/6.3.1/../../../../arm-none-eabi/lib/thumb/v7e-m\libc.a(lib_a-atexit.o)
                                                  c:/program files (x86)/atmel/studio/7.0/toolchain/arm/arm-gnu-toolchain/bin/../lib/gcc/arm-none-eabi/6.3.1/../../../../arm-none-eabi/lib/thumb/v7e-m\libc.a(lib_a-__call_atexit.o)
                                                  c:/program files (x86)/atmel/studio/7.0/toolchain/arm/arm-gnu-toolchain/bin/../lib/gcc/arm-none-eabi/6.3.1/../../../../arm-none-eabi/lib/thumb/v7e-m/crt0.o
board_init                                        src/ASF/sam/boards/same70_xplained/init.o
                                                  src/main.o
bot                                               src/main.o
but_flag                                          src/main.o